 OpenSoucreCrypt

 Timestamp is 4f4c4827 (Tue Feb 28 11:21:11 2012)

 Preferred load address is 10000000

 Start         Length     Name                   Class
 0001:00000000 0001076eH .text                   CODE
 0001:00010770 00000681H .text$x                 CODE
 0002:00000000 0000025cH .idata$5                DATA
 0002:00000260 00001510H .rdata                  DATA
 0002:00001770 00000f9cH .rdata$r                DATA
 0002:00002710 00000bd0H .xdata$x                DATA
 0002:000032e0 00000028H .idata$2                DATA
 0002:00003308 00000014H .idata$3                DATA
 0002:0000331c 0000025cH .idata$4                DATA
 0002:00003578 0000196cH .idata$6                DATA
 0002:00004ef0 0000007cH .edata                  DATA
 0003:00000000 00000004H .CRT$XCA                DATA
 0003:00000004 00000060H .CRT$XCU                DATA
 0003:00000064 00000004H .CRT$XCZ                DATA
 0003:00000068 00000004H .CRT$XIA                DATA
 0003:0000006c 0000000cH .CRT$XIC                DATA
 0003:00000078 00000004H .CRT$XIY                DATA
 0003:0000007c 00000004H .CRT$XIZ                DATA
 0003:00000080 00000004H .CRT$XPA                DATA
 0003:00000084 00000004H .CRT$XPX                DATA
 0003:00000088 00000004H .CRT$XPZ                DATA
 0003:0000008c 00000004H .CRT$XTA                DATA
 0003:00000090 00000004H .CRT$XTB                DATA
 0003:00000094 00000004H .CRT$XTZ                DATA
 0003:000000a0 00005018H .data                   DATA
 0003:000050b8 00001bb4H .bss                    DATA

  Address         Publics by Value              Rva+Base     Lib:Object

 0001:00000040       _SetNewAndDeleteFromCryptoPP 10001040 f   OpenSoucreCrypt.obj
 0001:00000053       ??2@YAPAXI@Z               10001053 f   OpenSoucreCrypt.obj
 0001:0000005f       ??3@YAXPAX@Z               1000105f f   OpenSoucreCrypt.obj
 0001:0000006b       _DllMain@12                1000106b f   OpenSoucreCrypt.obj
 0001:00000071       _OpenSourceCrypt           10001071 f   OpenSoucreCrypt.obj
 0001:000002e8       ??1?$CipherModeFinalTemplate_CipherHolder@V?$BlockCipherFinal@$0A@VBase@DES_EDE3@CryptoPP@@@CryptoPP@@V?$ConcretePolicyHolder@VEmpty@CryptoPP@@V?$CFB_RequireFullDataBlocks@V?$CFB_EncryptionTemplate@V?$AbstractPolicyHolder@VCFB_CipherAbstractPolicy@CryptoPP@@VCFB_ModePolicy@2@@CryptoPP@@@CryptoPP@@@2@VCFB_CipherAbstractPolicy@2@@2@@CryptoPP@@UAE@XZ 100012e8 f i OpenSoucreCrypt.obj
 0001:00000325       ??1?$CipherModeFinalTemplate_CipherHolder@V?$BlockCipherFinal@$0A@VBase@DES_EDE3@CryptoPP@@@CryptoPP@@V?$ConcretePolicyHolder@VEmpty@CryptoPP@@V?$CFB_RequireFullDataBlocks@V?$CFB_DecryptionTemplate@V?$AbstractPolicyHolder@VCFB_CipherAbstractPolicy@CryptoPP@@VCFB_ModePolicy@2@@CryptoPP@@@CryptoPP@@@2@VCFB_CipherAbstractPolicy@2@@2@@CryptoPP@@UAE@XZ 10001325 f i OpenSoucreCrypt.obj
 0001:00000362       ??1?$ObjectHolder@V?$BlockCipherFinal@$0A@VBase@DES_EDE3@CryptoPP@@@CryptoPP@@@CryptoPP@@QAE@XZ 10001362 f i OpenSoucreCrypt.obj
 0001:00000368       ?BlockSize@?$BlockCipherImpl@URijndael_Info@CryptoPP@@VBlockCipher@2@@CryptoPP@@UBEIXZ 10001368 f i OpenSoucreCrypt.obj
 0001:0000036c       ?AlgorithmName@?$AlgorithmImpl@V?$SimpleKeyingInterfaceImpl@V?$TwoBases@VBlockCipher@CryptoPP@@URijndael_Info@2@@CryptoPP@@V12@@CryptoPP@@V12@@CryptoPP@@UBE?AV?$basic_string@DU?$char_traits@D@std@@V?$allocator@D@2@@std@@XZ 1000136c f i OpenSoucreCrypt.obj
 0001:000003a4       ?MinKeyLength@?$SimpleKeyingInterfaceImpl@V?$TwoBases@VBlockCipher@CryptoPP@@URijndael_Info@2@@CryptoPP@@V12@@CryptoPP@@UBEIXZ 100013a4 f i OpenSoucreCrypt.obj
 0001:000003a8       ?MaxKeyLength@?$SimpleKeyingInterfaceImpl@V?$TwoBases@VBlockCipher@CryptoPP@@URijndael_Info@2@@CryptoPP@@V12@@CryptoPP@@UBEIXZ 100013a8 f i OpenSoucreCrypt.obj
 0001:000003ac       ?DefaultKeyLength@?$SimpleKeyingInterfaceImpl@V?$TwoBases@VBlockCipher@CryptoPP@@URijndael_Info@2@@CryptoPP@@V12@@CryptoPP@@UBEIXZ 100013ac f i OpenSoucreCrypt.obj
 0001:000003b0       ?GetValidKeyLength@?$SimpleKeyingInterfaceImpl@V?$TwoBases@VBlockCipher@CryptoPP@@URijndael_Info@2@@CryptoPP@@V12@@CryptoPP@@UBEII@Z 100013b0 f i OpenSoucreCrypt.obj
 0001:000003d4       ?IVRequirement@?$SimpleKeyingInterfaceImpl@V?$TwoBases@VBlockCipher@CryptoPP@@URijndael_Info@2@@CryptoPP@@V12@@CryptoPP@@UBE?AW4IV_Requirement@SimpleKeyingInterface@2@XZ 100013d4 f i OpenSoucreCrypt.obj
 0001:000003d8       ?IVSize@?$SimpleKeyingInterfaceImpl@V?$TwoBases@VBlockCipher@CryptoPP@@URijndael_Info@2@@CryptoPP@@V12@@CryptoPP@@UBEIXZ 100013d8 f i OpenSoucreCrypt.obj
 0001:000003db       ?IsForwardTransformation@?$BlockCipherFinal@$0A@VEnc@Rijndael@CryptoPP@@@CryptoPP@@UBE_NXZ 100013db f i OpenSoucreCrypt.obj
 0001:000003de       ?Clone@?$ClonableImpl@V?$BlockCipherFinal@$0A@VEnc@Rijndael@CryptoPP@@@CryptoPP@@VEnc@Rijndael@2@@CryptoPP@@UBEPAVClonable@2@XZ 100013de f i OpenSoucreCrypt.obj
 0001:00000439       ??0?$CipherModeFinalTemplate_CipherHolder@V?$BlockCipherFinal@$0A@VBase@DES_EDE3@CryptoPP@@@CryptoPP@@V?$ConcretePolicyHolder@VEmpty@CryptoPP@@V?$CFB_RequireFullDataBlocks@V?$CFB_EncryptionTemplate@V?$AbstractPolicyHolder@VCFB_CipherAbstractPolicy@CryptoPP@@VCFB_ModePolicy@2@@CryptoPP@@@CryptoPP@@@2@VCFB_CipherAbstractPolicy@2@@2@@CryptoPP@@QAE@XZ 10001439 f i OpenSoucreCrypt.obj
 0001:000004a1       ??1?$AlgorithmImpl@V?$ConcretePolicyHolder@VEmpty@CryptoPP@@V?$CFB_RequireFullDataBlocks@V?$CFB_EncryptionTemplate@V?$AbstractPolicyHolder@VCFB_CipherAbstractPolicy@CryptoPP@@VCFB_ModePolicy@2@@CryptoPP@@@CryptoPP@@@2@VCFB_CipherAbstractPolicy@2@@CryptoPP@@V?$CipherModeFinalTemplate_CipherHolder@V?$BlockCipherFinal@$0A@VBase@DES_EDE3@CryptoPP@@@CryptoPP@@V?$ConcretePolicyHolder@VEmpty@CryptoPP@@V?$CFB_RequireFullDataBlocks@V?$CFB_EncryptionTemplate@V?$AbstractPolicyHolder@VCFB_CipherAbstractPolicy@CryptoPP@@VCFB_ModePolicy@2@@CryptoPP@@@CryptoPP@@@2@VCFB_CipherAbstractPolicy@2@@2@@2@@CryptoPP@@UAE@XZ 100014a1 f i OpenSoucreCrypt.obj
 0001:000004a7       ?GetAlignment@?$ModePolicyCommonTemplate@VCFB_CipherAbstractPolicy@CryptoPP@@@CryptoPP@@EBEIXZ 100014a7 f i OpenSoucreCrypt.obj
 0001:000004b3       ?MandatoryBlockSize@?$CFB_RequireFullDataBlocks@V?$CFB_EncryptionTemplate@V?$AbstractPolicyHolder@VCFB_CipherAbstractPolicy@CryptoPP@@VCFB_ModePolicy@2@@CryptoPP@@@CryptoPP@@@CryptoPP@@UBEIXZ 100014b3 f i OpenSoucreCrypt.obj
 0001:000004b8       ?BlockSize@?$BlockCipherImpl@UDES_EDE3_Info@CryptoPP@@VBlockCipher@2@@CryptoPP@@UBEIXZ 100014b8 f i OpenSoucreCrypt.obj
 0001:000004bc       ?AlgorithmName@?$AlgorithmImpl@V?$SimpleKeyingInterfaceImpl@V?$TwoBases@VBlockCipher@CryptoPP@@UDES_EDE3_Info@2@@CryptoPP@@V12@@CryptoPP@@V12@@CryptoPP@@UBE?AV?$basic_string@DU?$char_traits@D@std@@V?$allocator@D@2@@std@@XZ 100014bc f i OpenSoucreCrypt.obj
 0001:000004f4       ?MinKeyLength@?$SimpleKeyingInterfaceImpl@V?$TwoBases@VBlockCipher@CryptoPP@@UDES_EDE3_Info@2@@CryptoPP@@V12@@CryptoPP@@UBEIXZ 100014f4 f i OpenSoucreCrypt.obj
 0001:000004f8       ?MaxKeyLength@?$SimpleKeyingInterfaceImpl@V?$TwoBases@VBlockCipher@CryptoPP@@UDES_EDE3_Info@2@@CryptoPP@@V12@@CryptoPP@@UBEIXZ 100014f8 f i OpenSoucreCrypt.obj
 0001:000004fc       ?DefaultKeyLength@?$SimpleKeyingInterfaceImpl@V?$TwoBases@VBlockCipher@CryptoPP@@UDES_EDE3_Info@2@@CryptoPP@@V12@@CryptoPP@@UBEIXZ 100014fc f i OpenSoucreCrypt.obj
 0001:00000500       ?GetValidKeyLength@?$SimpleKeyingInterfaceImpl@V?$TwoBases@VBlockCipher@CryptoPP@@UDES_EDE3_Info@2@@CryptoPP@@V12@@CryptoPP@@UBEII@Z 10001500 f i OpenSoucreCrypt.obj
 0001:00000506       ?IVRequirement@?$SimpleKeyingInterfaceImpl@V?$TwoBases@VBlockCipher@CryptoPP@@UDES_EDE3_Info@2@@CryptoPP@@V12@@CryptoPP@@UBE?AW4IV_Requirement@SimpleKeyingInterface@2@XZ 10001506 f i OpenSoucreCrypt.obj
 0001:0000050a       ?IVSize@?$SimpleKeyingInterfaceImpl@V?$TwoBases@VBlockCipher@CryptoPP@@UDES_EDE3_Info@2@@CryptoPP@@V12@@CryptoPP@@UBEIXZ 1000150a f i OpenSoucreCrypt.obj
 0001:0000050d       ?IsForwardTransformation@?$BlockCipherFinal@$0A@VBase@DES_EDE3@CryptoPP@@@CryptoPP@@UBE_NXZ 1000150d f i OpenSoucreCrypt.obj
 0001:00000510       ?Clone@?$ClonableImpl@V?$BlockCipherFinal@$0A@VBase@DES_EDE3@CryptoPP@@@CryptoPP@@VBase@DES_EDE3@2@@CryptoPP@@UBEPAVClonable@2@XZ 10001510 f i OpenSoucreCrypt.obj
 0001:0000056b       ?AlgorithmName@?$AlgorithmImpl@V?$ConcretePolicyHolder@VEmpty@CryptoPP@@V?$CFB_RequireFullDataBlocks@V?$CFB_EncryptionTemplate@V?$AbstractPolicyHolder@VCFB_CipherAbstractPolicy@CryptoPP@@VCFB_ModePolicy@2@@CryptoPP@@@CryptoPP@@@2@VCFB_CipherAbstractPolicy@2@@CryptoPP@@V?$CipherModeFinalTemplate_CipherHolder@V?$BlockCipherFinal@$0A@VBase@DES_EDE3@CryptoPP@@@CryptoPP@@V?$ConcretePolicyHolder@VEmpty@CryptoPP@@V?$CFB_RequireFullDataBlocks@V?$CFB_EncryptionTemplate@V?$AbstractPolicyHolder@VCFB_CipherAbstractPolicy@CryptoPP@@VCFB_ModePolicy@2@@CryptoPP@@@CryptoPP@@@2@VCFB_CipherAbstractPolicy@2@@2@@2@@CryptoPP@@UBE?AV?$basic_string@DU?$char_traits@D@std@@V?$allocator@D@2@@std@@XZ 1000156b f i OpenSoucreCrypt.obj
 0001:00000583       ?GetPolicy@?$ConcretePolicyHolder@VEmpty@CryptoPP@@V?$CFB_RequireFullDataBlocks@V?$CFB_EncryptionTemplate@V?$AbstractPolicyHolder@VCFB_CipherAbstractPolicy@CryptoPP@@VCFB_ModePolicy@2@@CryptoPP@@@CryptoPP@@@2@VCFB_CipherAbstractPolicy@2@@CryptoPP@@MBEABVCFB_CipherAbstractPolicy@2@XZ 10001583 f i OpenSoucreCrypt.obj
 0001:0000058f       ?AccessPolicy@?$ConcretePolicyHolder@VEmpty@CryptoPP@@V?$CFB_RequireFullDataBlocks@V?$CFB_EncryptionTemplate@V?$AbstractPolicyHolder@VCFB_CipherAbstractPolicy@CryptoPP@@VCFB_ModePolicy@2@@CryptoPP@@@CryptoPP@@@2@VCFB_CipherAbstractPolicy@2@@CryptoPP@@MAEAAVCFB_CipherAbstractPolicy@2@XZ 1000158f f i OpenSoucreCrypt.obj
 0001:0000059b       ??0?$CipherModeFinalTemplate_CipherHolder@V?$BlockCipherFinal@$0A@VBase@DES_EDE3@CryptoPP@@@CryptoPP@@V?$ConcretePolicyHolder@VEmpty@CryptoPP@@V?$CFB_RequireFullDataBlocks@V?$CFB_DecryptionTemplate@V?$AbstractPolicyHolder@VCFB_CipherAbstractPolicy@CryptoPP@@VCFB_ModePolicy@2@@CryptoPP@@@CryptoPP@@@2@VCFB_CipherAbstractPolicy@2@@2@@CryptoPP@@QAE@XZ 1000159b f i OpenSoucreCrypt.obj
 0001:00000603       ??1?$AlgorithmImpl@V?$ConcretePolicyHolder@VEmpty@CryptoPP@@V?$CFB_RequireFullDataBlocks@V?$CFB_DecryptionTemplate@V?$AbstractPolicyHolder@VCFB_CipherAbstractPolicy@CryptoPP@@VCFB_ModePolicy@2@@CryptoPP@@@CryptoPP@@@2@VCFB_CipherAbstractPolicy@2@@CryptoPP@@V?$CipherModeFinalTemplate_CipherHolder@V?$BlockCipherFinal@$0A@VBase@DES_EDE3@CryptoPP@@@CryptoPP@@V?$ConcretePolicyHolder@VEmpty@CryptoPP@@V?$CFB_RequireFullDataBlocks@V?$CFB_DecryptionTemplate@V?$AbstractPolicyHolder@VCFB_CipherAbstractPolicy@CryptoPP@@VCFB_ModePolicy@2@@CryptoPP@@@CryptoPP@@@2@VCFB_CipherAbstractPolicy@2@@2@@2@@CryptoPP@@UAE@XZ 10001603 f i OpenSoucreCrypt.obj
 0001:00000609       ?MandatoryBlockSize@?$CFB_RequireFullDataBlocks@V?$CFB_DecryptionTemplate@V?$AbstractPolicyHolder@VCFB_CipherAbstractPolicy@CryptoPP@@VCFB_ModePolicy@2@@CryptoPP@@@CryptoPP@@@CryptoPP@@UBEIXZ 10001609 f i OpenSoucreCrypt.obj
 0001:0000060e       ?AlgorithmName@?$AlgorithmImpl@V?$ConcretePolicyHolder@VEmpty@CryptoPP@@V?$CFB_RequireFullDataBlocks@V?$CFB_DecryptionTemplate@V?$AbstractPolicyHolder@VCFB_CipherAbstractPolicy@CryptoPP@@VCFB_ModePolicy@2@@CryptoPP@@@CryptoPP@@@2@VCFB_CipherAbstractPolicy@2@@CryptoPP@@V?$CipherModeFinalTemplate_CipherHolder@V?$BlockCipherFinal@$0A@VBase@DES_EDE3@CryptoPP@@@CryptoPP@@V?$ConcretePolicyHolder@VEmpty@CryptoPP@@V?$CFB_RequireFullDataBlocks@V?$CFB_DecryptionTemplate@V?$AbstractPolicyHolder@VCFB_CipherAbstractPolicy@CryptoPP@@VCFB_ModePolicy@2@@CryptoPP@@@CryptoPP@@@2@VCFB_CipherAbstractPolicy@2@@2@@2@@CryptoPP@@UBE?AV?$basic_string@DU?$char_traits@D@std@@V?$allocator@D@2@@std@@XZ 1000160e f i OpenSoucreCrypt.obj
 0001:00000626       ?GetPolicy@?$ConcretePolicyHolder@VEmpty@CryptoPP@@V?$CFB_RequireFullDataBlocks@V?$CFB_DecryptionTemplate@V?$AbstractPolicyHolder@VCFB_CipherAbstractPolicy@CryptoPP@@VCFB_ModePolicy@2@@CryptoPP@@@CryptoPP@@@2@VCFB_CipherAbstractPolicy@2@@CryptoPP@@MBEABVCFB_CipherAbstractPolicy@2@XZ 10001626 f i OpenSoucreCrypt.obj
 0001:00000632       ?AccessPolicy@?$ConcretePolicyHolder@VEmpty@CryptoPP@@V?$CFB_RequireFullDataBlocks@V?$CFB_DecryptionTemplate@V?$AbstractPolicyHolder@VCFB_CipherAbstractPolicy@CryptoPP@@VCFB_ModePolicy@2@@CryptoPP@@@CryptoPP@@@2@VCFB_CipherAbstractPolicy@2@@CryptoPP@@MAEAAVCFB_CipherAbstractPolicy@2@XZ 10001632 f i OpenSoucreCrypt.obj
 0001:0000063e       ??_E?$BlockCipherFinal@$0A@VEnc@Rijndael@CryptoPP@@@CryptoPP@@UAEPAXI@Z 1000163e f i OpenSoucreCrypt.obj
 0001:0000063e       ??_G?$BlockCipherFinal@$0A@VEnc@Rijndael@CryptoPP@@@CryptoPP@@UAEPAXI@Z 1000163e f i OpenSoucreCrypt.obj
 0001:0000065b       ??1?$BlockCipherFinal@$0A@VEnc@Rijndael@CryptoPP@@@CryptoPP@@UAE@XZ 1000165b f i OpenSoucreCrypt.obj
 0001:00000661       ??_G?$CipherModeFinalTemplate_CipherHolder@V?$BlockCipherFinal@$0A@VBase@DES_EDE3@CryptoPP@@@CryptoPP@@V?$ConcretePolicyHolder@VEmpty@CryptoPP@@V?$CFB_RequireFullDataBlocks@V?$CFB_EncryptionTemplate@V?$AbstractPolicyHolder@VCFB_CipherAbstractPolicy@CryptoPP@@VCFB_ModePolicy@2@@CryptoPP@@@CryptoPP@@@2@VCFB_CipherAbstractPolicy@2@@2@@CryptoPP@@UAEPAXI@Z 10001661 f i OpenSoucreCrypt.obj
 0001:00000661       ??_E?$CipherModeFinalTemplate_CipherHolder@V?$BlockCipherFinal@$0A@VBase@DES_EDE3@CryptoPP@@@CryptoPP@@V?$ConcretePolicyHolder@VEmpty@CryptoPP@@V?$CFB_RequireFullDataBlocks@V?$CFB_EncryptionTemplate@V?$AbstractPolicyHolder@VCFB_CipherAbstractPolicy@CryptoPP@@VCFB_ModePolicy@2@@CryptoPP@@@CryptoPP@@@2@VCFB_CipherAbstractPolicy@2@@2@@CryptoPP@@UAEPAXI@Z 10001661 f i OpenSoucreCrypt.obj
 0001:0000067e       ??_E?$CipherModeFinalTemplate_CipherHolder@V?$BlockCipherFinal@$0A@VBase@DES_EDE3@CryptoPP@@@CryptoPP@@V?$ConcretePolicyHolder@VEmpty@CryptoPP@@V?$CFB_RequireFullDataBlocks@V?$CFB_DecryptionTemplate@V?$AbstractPolicyHolder@VCFB_CipherAbstractPolicy@CryptoPP@@VCFB_ModePolicy@2@@CryptoPP@@@CryptoPP@@@2@VCFB_CipherAbstractPolicy@2@@2@@CryptoPP@@UAEPAXI@Z 1000167e f i OpenSoucreCrypt.obj
 0001:0000067e       ??_G?$CipherModeFinalTemplate_CipherHolder@V?$BlockCipherFinal@$0A@VBase@DES_EDE3@CryptoPP@@@CryptoPP@@V?$ConcretePolicyHolder@VEmpty@CryptoPP@@V?$CFB_RequireFullDataBlocks@V?$CFB_DecryptionTemplate@V?$AbstractPolicyHolder@VCFB_CipherAbstractPolicy@CryptoPP@@VCFB_ModePolicy@2@@CryptoPP@@@CryptoPP@@@2@VCFB_CipherAbstractPolicy@2@@2@@CryptoPP@@UAEPAXI@Z 1000167e f i OpenSoucreCrypt.obj
 0001:0000069b       ??0?$ConcretePolicyHolder@VEmpty@CryptoPP@@V?$CFB_RequireFullDataBlocks@V?$CFB_EncryptionTemplate@V?$AbstractPolicyHolder@VCFB_CipherAbstractPolicy@CryptoPP@@VCFB_ModePolicy@2@@CryptoPP@@@CryptoPP@@@2@VCFB_CipherAbstractPolicy@2@@CryptoPP@@QAE@XZ 1000169b f i OpenSoucreCrypt.obj
 0001:000006bb       ??_E?$BlockCipherFinal@$0A@VBase@DES_EDE3@CryptoPP@@@CryptoPP@@UAEPAXI@Z 100016bb f i OpenSoucreCrypt.obj
 0001:000006bb       ??_G?$BlockCipherFinal@$0A@VBase@DES_EDE3@CryptoPP@@@CryptoPP@@UAEPAXI@Z 100016bb f i OpenSoucreCrypt.obj
 0001:000006d8       ??1?$BlockCipherFinal@$0A@VBase@DES_EDE3@CryptoPP@@@CryptoPP@@UAE@XZ 100016d8 f i OpenSoucreCrypt.obj
 0001:000006de       ??0?$ConcretePolicyHolder@VEmpty@CryptoPP@@V?$CFB_RequireFullDataBlocks@V?$CFB_DecryptionTemplate@V?$AbstractPolicyHolder@VCFB_CipherAbstractPolicy@CryptoPP@@VCFB_ModePolicy@2@@CryptoPP@@@CryptoPP@@@2@VCFB_CipherAbstractPolicy@2@@CryptoPP@@QAE@XZ 100016de f i OpenSoucreCrypt.obj
 0001:000006fe       ??_G?$ConcretePolicyHolder@VEmpty@CryptoPP@@V?$CFB_RequireFullDataBlocks@V?$CFB_EncryptionTemplate@V?$AbstractPolicyHolder@VCFB_CipherAbstractPolicy@CryptoPP@@VCFB_ModePolicy@2@@CryptoPP@@@CryptoPP@@@2@VCFB_CipherAbstractPolicy@2@@CryptoPP@@UAEPAXI@Z 100016fe f i OpenSoucreCrypt.obj
 0001:000006fe       ??_E?$ConcretePolicyHolder@VEmpty@CryptoPP@@V?$CFB_RequireFullDataBlocks@V?$CFB_EncryptionTemplate@V?$AbstractPolicyHolder@VCFB_CipherAbstractPolicy@CryptoPP@@VCFB_ModePolicy@2@@CryptoPP@@@CryptoPP@@@2@VCFB_CipherAbstractPolicy@2@@CryptoPP@@UAEPAXI@Z 100016fe f i OpenSoucreCrypt.obj
 0001:0000071b       ??1?$ConcretePolicyHolder@VEmpty@CryptoPP@@V?$CFB_RequireFullDataBlocks@V?$CFB_EncryptionTemplate@V?$AbstractPolicyHolder@VCFB_CipherAbstractPolicy@CryptoPP@@VCFB_ModePolicy@2@@CryptoPP@@@CryptoPP@@@2@VCFB_CipherAbstractPolicy@2@@CryptoPP@@UAE@XZ 1000171b f i OpenSoucreCrypt.obj
 0001:00000751       ??1?$SecBlock@EV?$AllocatorWithCleanup@E$0A@@CryptoPP@@@CryptoPP@@QAE@XZ 10001751 f i OpenSoucreCrypt.obj
 0001:0000076a       ??1?$ModePolicyCommonTemplate@VCFB_CipherAbstractPolicy@CryptoPP@@@CryptoPP@@UAE@XZ 1000176a f i OpenSoucreCrypt.obj
 0001:00000790       ??1?$SecBlock@EV?$AllocatorWithCleanup@E$00@CryptoPP@@@CryptoPP@@QAE@XZ 10001790 f i OpenSoucreCrypt.obj
 0001:000007a9       ??0?$CFB_RequireFullDataBlocks@V?$CFB_EncryptionTemplate@V?$AbstractPolicyHolder@VCFB_CipherAbstractPolicy@CryptoPP@@VCFB_ModePolicy@2@@CryptoPP@@@CryptoPP@@@CryptoPP@@QAE@XZ 100017a9 f i OpenSoucreCrypt.obj
 0001:000007f1       ??0?$SecBlock@EV?$AllocatorWithCleanup@E$0A@@CryptoPP@@@CryptoPP@@QAE@I@Z 100017f1 f i OpenSoucreCrypt.obj
 0001:0000081d       ??_G?$ConcretePolicyHolder@VEmpty@CryptoPP@@V?$CFB_RequireFullDataBlocks@V?$CFB_DecryptionTemplate@V?$AbstractPolicyHolder@VCFB_CipherAbstractPolicy@CryptoPP@@VCFB_ModePolicy@2@@CryptoPP@@@CryptoPP@@@2@VCFB_CipherAbstractPolicy@2@@CryptoPP@@UAEPAXI@Z 1000181d f i OpenSoucreCrypt.obj
 0001:0000081d       ??_E?$ConcretePolicyHolder@VEmpty@CryptoPP@@V?$CFB_RequireFullDataBlocks@V?$CFB_DecryptionTemplate@V?$AbstractPolicyHolder@VCFB_CipherAbstractPolicy@CryptoPP@@VCFB_ModePolicy@2@@CryptoPP@@@CryptoPP@@@2@VCFB_CipherAbstractPolicy@2@@CryptoPP@@UAEPAXI@Z 1000181d f i OpenSoucreCrypt.obj
 0001:0000083a       ??1?$ConcretePolicyHolder@VEmpty@CryptoPP@@V?$CFB_RequireFullDataBlocks@V?$CFB_DecryptionTemplate@V?$AbstractPolicyHolder@VCFB_CipherAbstractPolicy@CryptoPP@@VCFB_ModePolicy@2@@CryptoPP@@@CryptoPP@@@2@VCFB_CipherAbstractPolicy@2@@CryptoPP@@UAE@XZ 1000183a f i OpenSoucreCrypt.obj
 0001:00000870       ??0?$CFB_RequireFullDataBlocks@V?$CFB_DecryptionTemplate@V?$AbstractPolicyHolder@VCFB_CipherAbstractPolicy@CryptoPP@@VCFB_ModePolicy@2@@CryptoPP@@@CryptoPP@@@CryptoPP@@QAE@XZ 10001870 f i OpenSoucreCrypt.obj
 0001:000008b8       ??_E?$CFB_RequireFullDataBlocks@V?$CFB_EncryptionTemplate@V?$AbstractPolicyHolder@VCFB_CipherAbstractPolicy@CryptoPP@@VCFB_ModePolicy@2@@CryptoPP@@@CryptoPP@@@CryptoPP@@UAEPAXI@Z 100018b8 f i OpenSoucreCrypt.obj
 0001:000008b8       ??_G?$CFB_RequireFullDataBlocks@V?$CFB_EncryptionTemplate@V?$AbstractPolicyHolder@VCFB_CipherAbstractPolicy@CryptoPP@@VCFB_ModePolicy@2@@CryptoPP@@@CryptoPP@@@CryptoPP@@UAEPAXI@Z 100018b8 f i OpenSoucreCrypt.obj
 0001:000008d5       ??1?$CFB_RequireFullDataBlocks@V?$CFB_EncryptionTemplate@V?$AbstractPolicyHolder@VCFB_CipherAbstractPolicy@CryptoPP@@VCFB_ModePolicy@2@@CryptoPP@@@CryptoPP@@@CryptoPP@@UAE@XZ 100018d5 f i OpenSoucreCrypt.obj
 0001:0000090b       ??_G?$CFB_RequireFullDataBlocks@V?$CFB_DecryptionTemplate@V?$AbstractPolicyHolder@VCFB_CipherAbstractPolicy@CryptoPP@@VCFB_ModePolicy@2@@CryptoPP@@@CryptoPP@@@CryptoPP@@UAEPAXI@Z 1000190b f i OpenSoucreCrypt.obj
 0001:0000090b       ??_E?$CFB_RequireFullDataBlocks@V?$CFB_DecryptionTemplate@V?$AbstractPolicyHolder@VCFB_CipherAbstractPolicy@CryptoPP@@VCFB_ModePolicy@2@@CryptoPP@@@CryptoPP@@@CryptoPP@@UAEPAXI@Z 1000190b f i OpenSoucreCrypt.obj
 0001:00000928       ??1?$CFB_RequireFullDataBlocks@V?$CFB_DecryptionTemplate@V?$AbstractPolicyHolder@VCFB_CipherAbstractPolicy@CryptoPP@@VCFB_ModePolicy@2@@CryptoPP@@@CryptoPP@@@CryptoPP@@UAE@XZ 10001928 f i OpenSoucreCrypt.obj
 0001:0000095e       ?_Tidy@?$basic_string@DU?$char_traits@D@std@@V?$allocator@D@2@@std@@AAEX_N@Z 1000195e f i OpenSoucreCrypt.obj
 0001:0000099b       ?StaticAlgorithmName@?$CipherModeFinalTemplate_CipherHolder@V?$BlockCipherFinal@$0A@VBase@DES_EDE3@CryptoPP@@@CryptoPP@@V?$ConcretePolicyHolder@VEmpty@CryptoPP@@V?$CFB_RequireFullDataBlocks@V?$CFB_EncryptionTemplate@V?$AbstractPolicyHolder@VCFB_CipherAbstractPolicy@CryptoPP@@VCFB_ModePolicy@2@@CryptoPP@@@CryptoPP@@@2@VCFB_CipherAbstractPolicy@2@@2@@CryptoPP@@SA?AV?$basic_string@DU?$char_traits@D@std@@V?$allocator@D@2@@std@@XZ 1000199b f i OpenSoucreCrypt.obj
 0001:00000a0e       ??1?$basic_string@DU?$char_traits@D@std@@V?$allocator@D@2@@std@@QAE@XZ 10001a0e f i OpenSoucreCrypt.obj
 0001:00000a16       ?StaticAlgorithmName@?$CipherModeFinalTemplate_CipherHolder@V?$BlockCipherFinal@$0A@VBase@DES_EDE3@CryptoPP@@@CryptoPP@@V?$ConcretePolicyHolder@VEmpty@CryptoPP@@V?$CFB_RequireFullDataBlocks@V?$CFB_DecryptionTemplate@V?$AbstractPolicyHolder@VCFB_CipherAbstractPolicy@CryptoPP@@VCFB_ModePolicy@2@@CryptoPP@@@CryptoPP@@@2@VCFB_CipherAbstractPolicy@2@@2@@CryptoPP@@SA?AV?$basic_string@DU?$char_traits@D@std@@V?$allocator@D@2@@std@@XZ 10001a16 f i OpenSoucreCrypt.obj
 0001:00000a89       ?assign@?$basic_string@DU?$char_traits@D@std@@V?$allocator@D@2@@std@@QAEAAV12@PBDI@Z 10001a89 f i OpenSoucreCrypt.obj
 0001:00000abe       ?_Grow@?$basic_string@DU?$char_traits@D@std@@V?$allocator@D@2@@std@@AAE_NI_N@Z 10001abe f i OpenSoucreCrypt.obj
 0001:00000b43       ?CheckSize@?$AllocatorBase@E@CryptoPP@@KAXI@Z 10001b43 f i OpenSoucreCrypt.obj
 0001:00000bb3       ?StaticAlgorithmName@?$AlgorithmImpl@V?$SimpleKeyingInterfaceImpl@V?$TwoBases@VBlockCipher@CryptoPP@@UDES_EDE3_Info@2@@CryptoPP@@V12@@CryptoPP@@V12@@CryptoPP@@SA?AV?$basic_string@DU?$char_traits@D@std@@V?$allocator@D@2@@std@@XZ 10001bb3 f i OpenSoucreCrypt.obj
 0001:00000be9       ?_Copy@?$basic_string@DU?$char_traits@D@std@@V?$allocator@D@2@@std@@AAEXI@Z 10001be9 f i OpenSoucreCrypt.obj
 0001:00000cac       ??Hstd@@YA?AV?$basic_string@DU?$char_traits@D@std@@V?$allocator@D@2@@0@ABV10@PBD@Z 10001cac f i OpenSoucreCrypt.obj
 0001:00000d40       ?assign@?$basic_string@DU?$char_traits@D@std@@V?$allocator@D@2@@std@@QAEAAV12@ABV12@II@Z 10001d40 f i OpenSoucreCrypt.obj
 0001:00000e0e       ?erase@?$basic_string@DU?$char_traits@D@std@@V?$allocator@D@2@@std@@QAEAAV12@II@Z 10001e0e f i OpenSoucreCrypt.obj
 0001:00000e75       ?append@?$basic_string@DU?$char_traits@D@std@@V?$allocator@D@2@@std@@QAEAAV12@PBDI@Z 10001e75 f i OpenSoucreCrypt.obj
 0001:00000ecc       ?_Split@?$basic_string@DU?$char_traits@D@std@@V?$allocator@D@2@@std@@AAEXXZ 10001ecc f i OpenSoucreCrypt.obj
 0001:00000efc       ?CipherSetKey@?$ModePolicyCommonTemplate@VCFB_CipherAbstractPolicy@CryptoPP@@@CryptoPP@@EAEXABVNameValuePairs@2@PBEI@Z 10001efc f i OpenSoucreCrypt.obj
 0001:00000f49       ?SecureWipeArray@CryptoPP@@YAXPAEI@Z 10001f49 f i OpenSoucreCrypt.obj
 0001:00000f7b       ?id@?$ctype@G@std@@$E      10001f7b f i OpenSoucreCrypt.obj
 0001:00000f7c       ??_E?$CFB_RequireFullDataBlocks@V?$CFB_EncryptionTemplate@V?$AbstractPolicyHolder@VCFB_CipherAbstractPolicy@CryptoPP@@VCFB_ModePolicy@2@@CryptoPP@@@CryptoPP@@@CryptoPP@@W3AEPAXI@Z 10001f7c f i OpenSoucreCrypt.obj
 0001:00000f84       ??_E?$CFB_RequireFullDataBlocks@V?$CFB_EncryptionTemplate@V?$AbstractPolicyHolder@VCFB_CipherAbstractPolicy@CryptoPP@@VCFB_ModePolicy@2@@CryptoPP@@@CryptoPP@@@CryptoPP@@WBI@AEPAXI@Z 10001f84 f i OpenSoucreCrypt.obj
 0001:00000f8c       ??_E?$ConcretePolicyHolder@VEmpty@CryptoPP@@V?$CFB_RequireFullDataBlocks@V?$CFB_EncryptionTemplate@V?$AbstractPolicyHolder@VCFB_CipherAbstractPolicy@CryptoPP@@VCFB_ModePolicy@2@@CryptoPP@@@CryptoPP@@@2@VCFB_CipherAbstractPolicy@2@@CryptoPP@@W3AEPAXI@Z 10001f8c f i OpenSoucreCrypt.obj
 0001:00000f94       ??_E?$ConcretePolicyHolder@VEmpty@CryptoPP@@V?$CFB_RequireFullDataBlocks@V?$CFB_EncryptionTemplate@V?$AbstractPolicyHolder@VCFB_CipherAbstractPolicy@CryptoPP@@VCFB_ModePolicy@2@@CryptoPP@@@CryptoPP@@@2@VCFB_CipherAbstractPolicy@2@@CryptoPP@@WBI@AEPAXI@Z 10001f94 f i OpenSoucreCrypt.obj
 0001:00000f9c       ??_E?$CFB_RequireFullDataBlocks@V?$CFB_DecryptionTemplate@V?$AbstractPolicyHolder@VCFB_CipherAbstractPolicy@CryptoPP@@VCFB_ModePolicy@2@@CryptoPP@@@CryptoPP@@@CryptoPP@@W3AEPAXI@Z 10001f9c f i OpenSoucreCrypt.obj
 0001:00000fa4       ??_E?$CFB_RequireFullDataBlocks@V?$CFB_DecryptionTemplate@V?$AbstractPolicyHolder@VCFB_CipherAbstractPolicy@CryptoPP@@VCFB_ModePolicy@2@@CryptoPP@@@CryptoPP@@@CryptoPP@@WBI@AEPAXI@Z 10001fa4 f i OpenSoucreCrypt.obj
 0001:00000fac       ??_E?$CipherModeFinalTemplate_CipherHolder@V?$BlockCipherFinal@$0A@VBase@DES_EDE3@CryptoPP@@@CryptoPP@@V?$ConcretePolicyHolder@VEmpty@CryptoPP@@V?$CFB_RequireFullDataBlocks@V?$CFB_EncryptionTemplate@V?$AbstractPolicyHolder@VCFB_CipherAbstractPolicy@CryptoPP@@VCFB_ModePolicy@2@@CryptoPP@@@CryptoPP@@@2@VCFB_CipherAbstractPolicy@2@@2@@CryptoPP@@W3AEPAXI@Z 10001fac f i OpenSoucreCrypt.obj
 0001:00000fb4       ??_E?$CipherModeFinalTemplate_CipherHolder@V?$BlockCipherFinal@$0A@VBase@DES_EDE3@CryptoPP@@@CryptoPP@@V?$ConcretePolicyHolder@VEmpty@CryptoPP@@V?$CFB_RequireFullDataBlocks@V?$CFB_EncryptionTemplate@V?$AbstractPolicyHolder@VCFB_CipherAbstractPolicy@CryptoPP@@VCFB_ModePolicy@2@@CryptoPP@@@CryptoPP@@@2@VCFB_CipherAbstractPolicy@2@@2@@CryptoPP@@WBI@AEPAXI@Z 10001fb4 f i OpenSoucreCrypt.obj
 0001:00000fbc       ??_E?$BlockCipherFinal@$0A@VEnc@Rijndael@CryptoPP@@@CryptoPP@@W3AEPAXI@Z 10001fbc f i OpenSoucreCrypt.obj
 0001:00000fc4       ??_E?$BlockCipherFinal@$0A@VBase@DES_EDE3@CryptoPP@@@CryptoPP@@W3AEPAXI@Z 10001fc4 f i OpenSoucreCrypt.obj
 0001:00000fcc       ??_E?$CipherModeFinalTemplate_CipherHolder@V?$BlockCipherFinal@$0A@VBase@DES_EDE3@CryptoPP@@@CryptoPP@@V?$ConcretePolicyHolder@VEmpty@CryptoPP@@V?$CFB_RequireFullDataBlocks@V?$CFB_DecryptionTemplate@V?$AbstractPolicyHolder@VCFB_CipherAbstractPolicy@CryptoPP@@VCFB_ModePolicy@2@@CryptoPP@@@CryptoPP@@@2@VCFB_CipherAbstractPolicy@2@@2@@CryptoPP@@W3AEPAXI@Z 10001fcc f i OpenSoucreCrypt.obj
 0001:00000fd4       ??_E?$CipherModeFinalTemplate_CipherHolder@V?$BlockCipherFinal@$0A@VBase@DES_EDE3@CryptoPP@@@CryptoPP@@V?$ConcretePolicyHolder@VEmpty@CryptoPP@@V?$CFB_RequireFullDataBlocks@V?$CFB_DecryptionTemplate@V?$AbstractPolicyHolder@VCFB_CipherAbstractPolicy@CryptoPP@@VCFB_ModePolicy@2@@CryptoPP@@@CryptoPP@@@2@VCFB_CipherAbstractPolicy@2@@2@@CryptoPP@@WBI@AEPAXI@Z 10001fd4 f i OpenSoucreCrypt.obj
 0001:00000fdc       ??_E?$ConcretePolicyHolder@VEmpty@CryptoPP@@V?$CFB_RequireFullDataBlocks@V?$CFB_DecryptionTemplate@V?$AbstractPolicyHolder@VCFB_CipherAbstractPolicy@CryptoPP@@VCFB_ModePolicy@2@@CryptoPP@@@CryptoPP@@@2@VCFB_CipherAbstractPolicy@2@@CryptoPP@@W3AEPAXI@Z 10001fdc f i OpenSoucreCrypt.obj
 0001:00000fe4       ??_E?$ConcretePolicyHolder@VEmpty@CryptoPP@@V?$CFB_RequireFullDataBlocks@V?$CFB_DecryptionTemplate@V?$AbstractPolicyHolder@VCFB_CipherAbstractPolicy@CryptoPP@@VCFB_ModePolicy@2@@CryptoPP@@@CryptoPP@@@2@VCFB_CipherAbstractPolicy@2@@CryptoPP@@WBI@AEPAXI@Z 10001fe4 f i OpenSoucreCrypt.obj
 0001:00000fec       ?AdvancedProcessBlocks@Enc@Rijndael@CryptoPP@@UBEIPBE0PAEII@Z 10001fec f   cryptopp:cryptopp.dll
 0001:00000ff2       ?OptimalNumberOfParallelBlocks@BlockTransformation@CryptoPP@@UBEIXZ 10001ff2 f   cryptopp:cryptopp.dll
 0001:00000ff8       ?IsPermutation@BlockTransformation@CryptoPP@@UBE_NXZ 10001ff8 f   cryptopp:cryptopp.dll
 0001:00000ffe       ?OptimalDataAlignment@BlockTransformation@CryptoPP@@UBEIXZ 10001ffe f   cryptopp:cryptopp.dll
 0001:00001004       ?ProcessAndXorBlock@Enc@Rijndael@CryptoPP@@UBEXPBE0PAE@Z 10002004 f   cryptopp:cryptopp.dll
 0001:0000100a       ?UncheckedSetKey@Base@Rijndael@CryptoPP@@UAEXPBEIABVNameValuePairs@3@@Z 1000200a f   cryptopp:cryptopp.dll
 0001:00001010       ?GetAlgorithm@BlockCipher@CryptoPP@@MBEABVAlgorithm@2@XZ 10002010 f   cryptopp:cryptopp.dll
 0001:00001016       ?GetNextIV@SimpleKeyingInterface@CryptoPP@@UAEXAAVRandomNumberGenerator@2@PAE@Z 10002016 f   cryptopp:cryptopp.dll
 0001:0000101c       ?Resynchronize@SimpleKeyingInterface@CryptoPP@@UAEXPBEH@Z 1000201c f   cryptopp:cryptopp.dll
 0001:00001022       ?MaxIVLength@SimpleKeyingInterface@CryptoPP@@UBEIXZ 10002022 f   cryptopp:cryptopp.dll
 0001:00001028       ?MinIVLength@SimpleKeyingInterface@CryptoPP@@UBEIXZ 10002028 f   cryptopp:cryptopp.dll
 0001:0000102e       ?SetKey@SimpleKeyingInterface@CryptoPP@@UAEXPBEIABVNameValuePairs@2@@Z 1000202e f   cryptopp:cryptopp.dll
 0001:00001034       ?IsValidKeyLength@SimpleKeyingInterface@CryptoPP@@UBE_NI@Z 10002034 f   cryptopp:cryptopp.dll
 0001:0000103a       ?SetKeyWithIV@SimpleKeyingInterface@CryptoPP@@QAEXPBEI0I@Z 1000203a f   cryptopp:cryptopp.dll
 0001:00001040       ?DoDllPowerUpSelfTest@CryptoPP@@YAXXZ 10002040 f   cryptopp:cryptopp.dll
 0001:00001046       ??1Base@Rijndael@CryptoPP@@UAE@XZ 10002046 f   cryptopp:cryptopp.dll
 0001:0000104c       ??0Base@Rijndael@CryptoPP@@QAE@XZ 1000204c f   cryptopp:cryptopp.dll
 0001:00001052       ?SimulatePowerUpSelfTestFailure@CryptoPP@@YAXXZ 10002052 f   cryptopp:cryptopp.dll
 0001:00001058       ?GetPowerUpSelfTestStatus@CryptoPP@@YA?AW4PowerUpSelfTestStatus@1@XZ 10002058 f   cryptopp:cryptopp.dll
 0001:0000105e       ?FIPS_140_2_ComplianceEnabled@CryptoPP@@YA_NXZ 1000205e f   cryptopp:cryptopp.dll
 0001:00001064       ??1Base@DES_EDE3@CryptoPP@@UAE@XZ 10002064 f   cryptopp:cryptopp.dll
 0001:0000106a       ??1CFB_ModePolicy@CryptoPP@@UAE@XZ 1000206a f   cryptopp:cryptopp.dll
 0001:00001070       ??0Base@Rijndael@CryptoPP@@QAE@ABV012@@Z 10002070 f   cryptopp:cryptopp.dll
 0001:00001076       ?AdvancedProcessBlocks@BlockTransformation@CryptoPP@@UBEIPBE0PAEII@Z 10002076 f   cryptopp:cryptopp.dll
 0001:0000107c       ?ProcessAndXorBlock@Base@DES_EDE3@CryptoPP@@UBEXPBE0PAE@Z 1000207c f   cryptopp:cryptopp.dll
 0001:00001082       ?UncheckedSetKey@Base@DES_EDE3@CryptoPP@@UAEXPBEIABVNameValuePairs@3@@Z 10002082 f   cryptopp:cryptopp.dll
 0001:00001088       ?CipherResynchronize@CFB_ModePolicy@CryptoPP@@MAEXPBEI@Z 10002088 f   cryptopp:cryptopp.dll
 0001:0000108e       ?Iterate@CFB_ModePolicy@CryptoPP@@MAEXPAEPBEW4CipherDir@2@I@Z 1000208e f   cryptopp:cryptopp.dll
 0001:00001094       ?CanIterate@CFB_ModePolicy@CryptoPP@@MBE_NXZ 10002094 f   cryptopp:cryptopp.dll
 0001:0000109a       ?TransformRegister@CFB_ModePolicy@CryptoPP@@MAEXXZ 1000209a f   cryptopp:cryptopp.dll
 0001:000010a0       ?GetRegisterBegin@CFB_ModePolicy@CryptoPP@@MAEPAEXZ 100020a0 f   cryptopp:cryptopp.dll
 0001:000010a6       ?GetBytesPerIteration@CFB_ModePolicy@CryptoPP@@MBEIXZ 100020a6 f   cryptopp:cryptopp.dll
 0001:000010ac       ?IsForwardTransformation@?$CFB_EncryptionTemplate@V?$AbstractPolicyHolder@VCFB_CipherAbstractPolicy@CryptoPP@@VCFB_ModePolicy@2@@CryptoPP@@@CryptoPP@@EBE_NXZ 100020ac f   cryptopp:cryptopp.dll
 0001:000010b2       ?IsSelfInverting@?$CFB_CipherTemplate@V?$AbstractPolicyHolder@VCFB_CipherAbstractPolicy@CryptoPP@@VCFB_ModePolicy@2@@CryptoPP@@@CryptoPP@@UBE_NXZ 100020b2 f   cryptopp:cryptopp.dll
 0001:000010b8       ?Seek@StreamTransformation@CryptoPP@@UAEX_K@Z 100020b8 f   cryptopp:cryptopp.dll
 0001:000010be       ?IsRandomAccess@?$CFB_CipherTemplate@V?$AbstractPolicyHolder@VCFB_CipherAbstractPolicy@CryptoPP@@VCFB_ModePolicy@2@@CryptoPP@@@CryptoPP@@UBE_NXZ 100020be f   cryptopp:cryptopp.dll
 0001:000010c4       ?MinLastBlockSize@StreamTransformation@CryptoPP@@UBEIXZ 100020c4 f   cryptopp:cryptopp.dll
 0001:000010ca       ?ProcessLastBlock@StreamTransformation@CryptoPP@@UAEXPAEPBEI@Z 100020ca f   cryptopp:cryptopp.dll
 0001:000010d0       ?ProcessData@?$CFB_CipherTemplate@V?$AbstractPolicyHolder@VCFB_CipherAbstractPolicy@CryptoPP@@VCFB_ModePolicy@2@@CryptoPP@@@CryptoPP@@UAEXPAEPBEI@Z 100020d0 f   cryptopp:cryptopp.dll
 0001:000010d6       ?OptimalDataAlignment@?$CFB_CipherTemplate@V?$AbstractPolicyHolder@VCFB_CipherAbstractPolicy@CryptoPP@@VCFB_ModePolicy@2@@CryptoPP@@@CryptoPP@@UBEIXZ 100020d6 f   cryptopp:cryptopp.dll
 0001:000010dc       ?GetOptimalBlockSizeUsed@StreamTransformation@CryptoPP@@UBEIXZ 100020dc f   cryptopp:cryptopp.dll
 0001:000010e2       ?OptimalBlockSize@?$CFB_CipherTemplate@V?$AbstractPolicyHolder@VCFB_CipherAbstractPolicy@CryptoPP@@VCFB_ModePolicy@2@@CryptoPP@@@CryptoPP@@UBEIXZ 100020e2 f   cryptopp:cryptopp.dll
 0001:000010e8       ?Clone@Clonable@CryptoPP@@UBEPAV12@XZ 100020e8 f   cryptopp:cryptopp.dll
 0001:000010ee       ?CombineMessageAndShiftRegister@?$CFB_EncryptionTemplate@V?$AbstractPolicyHolder@VCFB_CipherAbstractPolicy@CryptoPP@@VCFB_ModePolicy@2@@CryptoPP@@@CryptoPP@@EAEXPAE0PBEI@Z 100020ee f   cryptopp:cryptopp.dll
 0001:000010f4       ?ResizeBuffers@CFB_ModePolicy@CryptoPP@@MAEXXZ 100020f4 f   cryptopp:cryptopp.dll
 0001:000010fa       ?SetFeedbackSize@CFB_ModePolicy@CryptoPP@@MAEXI@Z 100020fa f   cryptopp:cryptopp.dll
 0001:00001100       ?UncheckedSetKey@?$CFB_CipherTemplate@V?$AbstractPolicyHolder@VCFB_CipherAbstractPolicy@CryptoPP@@VCFB_ModePolicy@2@@CryptoPP@@@CryptoPP@@MAEXPBEIABVNameValuePairs@2@@Z 10002100 f   cryptopp:cryptopp.dll
 0001:00001106       ?GetAlgorithm@SymmetricCipher@CryptoPP@@MBEABVAlgorithm@2@XZ 10002106 f   cryptopp:cryptopp.dll
 0001:0000110c       ?Resynchronize@?$CFB_CipherTemplate@V?$AbstractPolicyHolder@VCFB_CipherAbstractPolicy@CryptoPP@@VCFB_ModePolicy@2@@CryptoPP@@@CryptoPP@@UAEXPBEH@Z 1000210c f   cryptopp:cryptopp.dll
 0001:00001112       ?IVSize@CipherModeBase@CryptoPP@@UBEIXZ 10002112 f   cryptopp:cryptopp.dll
 0001:00001118       ?IVRequirement@CFB_ModePolicy@CryptoPP@@UBE?AW4IV_Requirement@SimpleKeyingInterface@2@XZ 10002118 f   cryptopp:cryptopp.dll
 0001:0000111e       ?IsValidKeyLength@CipherModeBase@CryptoPP@@UBE_NI@Z 1000211e f   cryptopp:cryptopp.dll
 0001:00001124       ?GetValidKeyLength@CipherModeBase@CryptoPP@@UBEII@Z 10002124 f   cryptopp:cryptopp.dll
 0001:0000112a       ?DefaultKeyLength@CipherModeBase@CryptoPP@@UBEIXZ 1000212a f   cryptopp:cryptopp.dll
 0001:00001130       ?MaxKeyLength@CipherModeBase@CryptoPP@@UBEIXZ 10002130 f   cryptopp:cryptopp.dll
 0001:00001136       ?MinKeyLength@CipherModeBase@CryptoPP@@UBEIXZ 10002136 f   cryptopp:cryptopp.dll
 0001:0000113c       ??0Base@DES_EDE3@CryptoPP@@QAE@XZ 1000213c f   cryptopp:cryptopp.dll
 0001:00001142       ??0Base@DES_EDE3@CryptoPP@@QAE@ABV012@@Z 10002142 f   cryptopp:cryptopp.dll
 0001:00001148       ?IsForwardTransformation@?$CFB_DecryptionTemplate@V?$AbstractPolicyHolder@VCFB_CipherAbstractPolicy@CryptoPP@@VCFB_ModePolicy@2@@CryptoPP@@@CryptoPP@@EBE_NXZ 10002148 f   cryptopp:cryptopp.dll
 0001:0000114e       ?CombineMessageAndShiftRegister@?$CFB_DecryptionTemplate@V?$AbstractPolicyHolder@VCFB_CipherAbstractPolicy@CryptoPP@@VCFB_ModePolicy@2@@CryptoPP@@@CryptoPP@@EAEXPAE0PBEI@Z 1000214e f   cryptopp:cryptopp.dll
 0001:00001154       ?AlgorithmName@Algorithm@CryptoPP@@UBE?AV?$basic_string@DU?$char_traits@D@std@@V?$allocator@D@2@@std@@XZ 10002154 f   cryptopp:cryptopp.dll
 0001:0000115a       ??1CipherModeBase@CryptoPP@@UAE@XZ 1000215a f   cryptopp:cryptopp.dll
 0001:00001160       ?UnalignedDeallocate@CryptoPP@@YAXPAX@Z 10002160 f   cryptopp:cryptopp.dll
 0001:00001166       ??1SymmetricCipher@CryptoPP@@UAE@XZ 10002166 f   cryptopp:cryptopp.dll
 0001:0000116c       ??0CipherModeBase@CryptoPP@@IAE@XZ 1000216c f   cryptopp:cryptopp.dll
 0001:00001172       ?UnalignedAllocate@CryptoPP@@YAPAXI@Z 10002172 f   cryptopp:cryptopp.dll
 0001:00001178       ??0Exception@CryptoPP@@QAE@ABV01@@Z 10002178 f   cryptopp:cryptopp.dll
 0001:0000117e       ??0InvalidArgument@CryptoPP@@QAE@ABV01@@Z 1000217e f   cryptopp:cryptopp.dll
 0001:00001184       ??1InvalidArgument@CryptoPP@@UAE@XZ 10002184 f   cryptopp:cryptopp.dll
 0001:0000118a       ??0Exception@CryptoPP@@QAE@W4ErrorType@01@ABV?$basic_string@DU?$char_traits@D@std@@V?$allocator@D@2@@std@@@Z 1000218a f   cryptopp:cryptopp.dll
 0001:00001190       _OutputDebugStringA@4      10002190 f   kernel32:KERNEL32.dll
 0001:0000121f       ??_D?$basic_istream@DU?$char_traits@D@std@@@std@@QAEXXZ 1000221f f i libcpmt:iostream.obj
 0001:00001263       ??_D?$basic_ostream@DU?$char_traits@D@std@@@std@@QAEXXZ 10002263 f i libcpmt:iostream.obj
 0001:00001303       ??0Init@ios_base@std@@QAE@XZ 10002303 f   libcpmt:iostream.obj
 0001:00001482       ??3@YAXPAX0@Z              10002482 f i libcpmt:iostream.obj
 0001:00001483       ??1Init@ios_base@std@@QAE@XZ 10002483 f   libcpmt:iostream.obj
 0001:000014c6       ??0?$basic_ostream@DU?$char_traits@D@std@@@std@@QAE@PAV?$basic_streambuf@DU?$char_traits@D@std@@@1@_N1@Z 100024c6 f i libcpmt:iostream.obj
 0001:00001530       ??0?$basic_ostream@DU?$char_traits@D@std@@@std@@QAE@W4_Uninitialized@1@@Z 10002530 f i libcpmt:iostream.obj
 0001:0000158f       ?flush@?$basic_ostream@DU?$char_traits@D@std@@@std@@QAEAAV12@XZ 1000258f f i libcpmt:iostream.obj
 0001:000015d9       ??1?$basic_ios@DU?$char_traits@D@std@@@std@@UAE@XZ 100025d9 f i libcpmt:iostream.obj
 0001:000015e4       ??0?$basic_istream@DU?$char_traits@D@std@@@std@@QAE@PAV?$basic_streambuf@DU?$char_traits@D@std@@@1@_N@Z 100025e4 f i libcpmt:iostream.obj
 0001:0000164c       ??0?$basic_istream@DU?$char_traits@D@std@@@std@@QAE@W4_Uninitialized@1@@Z 1000264c f i libcpmt:iostream.obj
 0001:000016ab       ??0?$basic_filebuf@DU?$char_traits@D@std@@@std@@QAE@PAU_iobuf@@@Z 100026ab f i libcpmt:iostream.obj
 0001:0000170b       ??0locale@std@@QAE@XZ      1000270b f i libcpmt:iostream.obj
 0001:00001739       ?_Incref@facet@locale@std@@QAEXXZ 10002739 f i libcpmt:iostream.obj
 0001:0000175f       ??1locale@std@@QAE@XZ      1000275f f i libcpmt:iostream.obj
 0001:00001777       ?_Decref@facet@locale@std@@QAEPAV123@XZ 10002777 f i libcpmt:iostream.obj
 0001:000017b0       ??1?$basic_streambuf@DU?$char_traits@D@std@@@std@@UAE@XZ 100027b0 f i libcpmt:iostream.obj
 0001:000017be       ?overflow@?$basic_streambuf@DU?$char_traits@D@std@@@std@@MAEHH@Z 100027be f i libcpmt:iostream.obj
 0001:000017c4       ?pbackfail@?$basic_streambuf@DU?$char_traits@D@std@@@std@@MAEHH@Z 100027c4 f i libcpmt:iostream.obj
 0001:000017ca       ?showmanyc@?$basic_streambuf@DU?$char_traits@D@std@@@std@@MAEHXZ 100027ca f i libcpmt:iostream.obj
 0001:000017cd       ?underflow@?$basic_streambuf@DU?$char_traits@D@std@@@std@@MAEHXZ 100027cd f i libcpmt:iostream.obj
 0001:000017d1       ?uflow@?$basic_streambuf@DU?$char_traits@D@std@@@std@@MAEHXZ 100027d1 f i libcpmt:iostream.obj
 0001:000017ee       ?xsgetn@?$basic_streambuf@DU?$char_traits@D@std@@@std@@MAEHPADH@Z 100027ee f i libcpmt:iostream.obj
 0001:00001862       ?xsputn@?$basic_streambuf@DU?$char_traits@D@std@@@std@@MAEHPBDH@Z 10002862 f i libcpmt:iostream.obj
 0001:000018d8       ?seekoff@?$basic_streambuf@DU?$char_traits@D@std@@@std@@MAE?AV?$fpos@H@2@JW4seekdir@ios_base@2@H@Z 100028d8 f i libcpmt:iostream.obj
 0001:000018fc       ?seekpos@?$basic_streambuf@DU?$char_traits@D@std@@@std@@MAE?AV?$fpos@H@2@V32@H@Z 100028fc f i libcpmt:iostream.obj
 0001:00001920       ?setbuf@?$basic_streambuf@DU?$char_traits@D@std@@@std@@MAEPAV12@PADH@Z 10002920 f i libcpmt:iostream.obj
 0001:00001925       ?sync@?$basic_streambuf@DU?$char_traits@D@std@@@std@@MAEHXZ 10002925 f i libcpmt:iostream.obj
 0001:00001928       ?imbue@?$basic_streambuf@DU?$char_traits@D@std@@@std@@MAEXABVlocale@2@@Z 10002928 f i libcpmt:iostream.obj
 0001:0000192b       ??0?$basic_filebuf@DU?$char_traits@D@std@@@std@@QAE@W4_Uninitialized@1@@Z 1000292b f i libcpmt:iostream.obj
 0001:00001936       ??1?$basic_filebuf@DU?$char_traits@D@std@@@std@@UAE@XZ 10002936 f i libcpmt:iostream.obj
 0001:0000199b       ?overflow@?$basic_filebuf@DU?$char_traits@D@std@@@std@@MAEHH@Z 1000299b f i libcpmt:iostream.obj
 0001:00001ad1       ?pbackfail@?$basic_filebuf@DU?$char_traits@D@std@@@std@@MAEHH@Z 10002ad1 f i libcpmt:iostream.obj
 0001:00001b7e       ?underflow@?$basic_filebuf@DU?$char_traits@D@std@@@std@@MAEHXZ 10002b7e f i libcpmt:iostream.obj
 0001:00001bab       ?uflow@?$basic_filebuf@DU?$char_traits@D@std@@@std@@MAEHXZ 10002bab f i libcpmt:iostream.obj
 0001:00001cc0       ?seekoff@?$basic_filebuf@DU?$char_traits@D@std@@@std@@MAE?AV?$fpos@H@2@JW4seekdir@ios_base@2@H@Z 10002cc0 f i libcpmt:iostream.obj
 0001:00001d2f       ?seekpos@?$basic_filebuf@DU?$char_traits@D@std@@@std@@MAE?AV?$fpos@H@2@V32@H@Z 10002d2f f i libcpmt:iostream.obj
 0001:00001dde       ?setbuf@?$basic_filebuf@DU?$char_traits@D@std@@@std@@MAEPAV?$basic_streambuf@DU?$char_traits@D@std@@@2@PADH@Z 10002dde f i libcpmt:iostream.obj
 0001:00001e09       ?sync@?$basic_filebuf@DU?$char_traits@D@std@@@std@@MAEHXZ 10002e09 f i libcpmt:iostream.obj
 0001:00001e22       ??_G?$basic_ostream@DU?$char_traits@D@std@@@std@@UAEPAXI@Z 10002e22 f i libcpmt:iostream.obj
 0001:00001e22       ??_E?$basic_ostream@DU?$char_traits@D@std@@@std@@UAEPAXI@Z 10002e22 f i libcpmt:iostream.obj
 0001:00001e41       ??_G?$basic_ios@DU?$char_traits@D@std@@@std@@UAEPAXI@Z 10002e41 f i libcpmt:iostream.obj
 0001:00001e41       ??_E?$basic_ios@DU?$char_traits@D@std@@@std@@UAEPAXI@Z 10002e41 f i libcpmt:iostream.obj
 0001:00001e5d       ??_G?$basic_istream@DU?$char_traits@D@std@@@std@@UAEPAXI@Z 10002e5d f i libcpmt:iostream.obj
 0001:00001e5d       ??_E?$basic_istream@DU?$char_traits@D@std@@@std@@UAEPAXI@Z 10002e5d f i libcpmt:iostream.obj
 0001:00001e7c       ??_E?$basic_streambuf@DU?$char_traits@D@std@@@std@@UAEPAXI@Z 10002e7c f i libcpmt:iostream.obj
 0001:00001e7c       ??_G?$basic_streambuf@DU?$char_traits@D@std@@@std@@UAEPAXI@Z 10002e7c f i libcpmt:iostream.obj
 0001:00001e98       ??_E?$basic_filebuf@DU?$char_traits@D@std@@@std@@UAEPAXI@Z 10002e98 f i libcpmt:iostream.obj
 0001:00001e98       ??_G?$basic_filebuf@DU?$char_traits@D@std@@@std@@UAEPAXI@Z 10002e98 f i libcpmt:iostream.obj
 0001:00001eb4       ?append@?$basic_string@DU?$char_traits@D@std@@V?$allocator@D@2@@std@@QAEAAV12@ID@Z 10002eb4 f i libcpmt:iostream.obj
 0001:00001f0d       ?init@?$basic_ios@DU?$char_traits@D@std@@@std@@IAEXPAV?$basic_streambuf@DU?$char_traits@D@std@@@2@_N@Z 10002f0d f i libcpmt:iostream.obj
 0001:00001f4d       ??0?$fpos@H@std@@QAE@J@Z   10002f4d f i libcpmt:iostream.obj
 0001:00001f87       ?_Gndec@?$basic_streambuf@DU?$char_traits@D@std@@@std@@IAEPADXZ 10002f87 f i libcpmt:iostream.obj
 0001:00001f97       ?_Gninc@?$basic_streambuf@DU?$char_traits@D@std@@@std@@IAEPADXZ 10002f97 f i libcpmt:iostream.obj
 0001:00001fa7       ?_Pninc@?$basic_streambuf@DU?$char_traits@D@std@@@std@@IAEPADXZ 10002fa7 f i libcpmt:iostream.obj
 0001:00001fb7       ?close@?$basic_filebuf@DU?$char_traits@D@std@@@std@@QAEPAV12@XZ 10002fb7 f i libcpmt:iostream.obj
 0001:00001fde       ?_Init@?$basic_filebuf@DU?$char_traits@D@std@@@std@@IAEXPAU_iobuf@@W4_Initfl@12@@Z 10002fde f i libcpmt:iostream.obj
 0001:00002056       ?_Freeze@?$basic_string@DU?$char_traits@D@std@@V?$allocator@D@2@@std@@AAEXXZ 10003056 f i libcpmt:iostream.obj
 0001:00002082       ?_Init@?$basic_streambuf@DU?$char_traits@D@std@@@std@@IAEXXZ 10003082 f i libcpmt:iostream.obj
 0001:000020c4       ?_Ungetc@std@@YA_NABDPAU_iobuf@@I@Z 100030c4 f i libcpmt:iostream.obj
 0001:00002153       ?id@?$collate@D@std@@$E    10003153 f i libcpmt:iostream.obj
 0001:0000225e       ??_D?$basic_istream@GU?$char_traits@G@std@@@std@@QAEXXZ 1000325e f i libcpmt:wiostrea.obj
 0001:000022a2       ??_D?$basic_ostream@GU?$char_traits@G@std@@@std@@QAEXXZ 100032a2 f i libcpmt:wiostrea.obj
 0001:00002315       ??0_Winit@std@@QAE@XZ      10003315 f   libcpmt:wiostrea.obj
 0001:00002496       ??1_Winit@std@@QAE@XZ      10003496 f   libcpmt:wiostrea.obj
 0001:000024d9       ??0?$basic_ostream@GU?$char_traits@G@std@@@std@@QAE@PAV?$basic_streambuf@GU?$char_traits@G@std@@@1@_N1@Z 100034d9 f i libcpmt:wiostrea.obj
 0001:00002543       ??0?$basic_ostream@GU?$char_traits@G@std@@@std@@QAE@W4_Uninitialized@1@@Z 10003543 f i libcpmt:wiostrea.obj
 0001:000025a2       ?flush@?$basic_ostream@GU?$char_traits@G@std@@@std@@QAEAAV12@XZ 100035a2 f i libcpmt:wiostrea.obj
 0001:000025ec       ??1?$basic_ios@GU?$char_traits@G@std@@@std@@UAE@XZ 100035ec f i libcpmt:wiostrea.obj
 0001:000025f7       ??0?$basic_istream@GU?$char_traits@G@std@@@std@@QAE@PAV?$basic_streambuf@GU?$char_traits@G@std@@@1@_N@Z 100035f7 f i libcpmt:wiostrea.obj
 0001:0000265f       ??0?$basic_istream@GU?$char_traits@G@std@@@std@@QAE@W4_Uninitialized@1@@Z 1000365f f i libcpmt:wiostrea.obj
 0001:000026be       ??0?$basic_filebuf@GU?$char_traits@G@std@@@std@@QAE@PAU_iobuf@@@Z 100036be f i libcpmt:wiostrea.obj
 0001:0000271e       ??1?$basic_streambuf@GU?$char_traits@G@std@@@std@@UAE@XZ 1000371e f i libcpmt:wiostrea.obj
 0001:0000272c       ?overflow@?$basic_streambuf@GU?$char_traits@G@std@@@std@@MAEGG@Z 1000372c f i libcpmt:wiostrea.obj
 0001:00002733       ?pbackfail@?$basic_streambuf@GU?$char_traits@G@std@@@std@@MAEGG@Z 10003733 f i libcpmt:wiostrea.obj
 0001:0000273a       ?showmanyc@?$basic_streambuf@GU?$char_traits@G@std@@@std@@MAEHXZ 1000373a f i libcpmt:wiostrea.obj
 0001:0000273d       ?underflow@?$basic_streambuf@GU?$char_traits@G@std@@@std@@MAEGXZ 1000373d f i libcpmt:wiostrea.obj
 0001:00002742       ?uflow@?$basic_streambuf@GU?$char_traits@G@std@@@std@@MAEGXZ 10003742 f i libcpmt:wiostrea.obj
 0001:00002763       ?xsgetn@?$basic_streambuf@GU?$char_traits@G@std@@@std@@MAEHPAGH@Z 10003763 f i libcpmt:wiostrea.obj
 0001:000027ea       ?xsputn@?$basic_streambuf@GU?$char_traits@G@std@@@std@@MAEHPBGH@Z 100037ea f i libcpmt:wiostrea.obj
 0001:00002872       ?seekoff@?$basic_streambuf@GU?$char_traits@G@std@@@std@@MAE?AV?$fpos@H@2@JW4seekdir@ios_base@2@H@Z 10003872 f i libcpmt:wiostrea.obj
 0001:00002896       ?seekpos@?$basic_streambuf@GU?$char_traits@G@std@@@std@@MAE?AV?$fpos@H@2@V32@H@Z 10003896 f i libcpmt:wiostrea.obj
 0001:000028ba       ?setbuf@?$basic_streambuf@GU?$char_traits@G@std@@@std@@MAEPAV12@PAGH@Z 100038ba f i libcpmt:wiostrea.obj
 0001:000028bf       ?sync@?$basic_streambuf@GU?$char_traits@G@std@@@std@@MAEHXZ 100038bf f i libcpmt:wiostrea.obj
 0001:000028c2       ?imbue@?$basic_streambuf@GU?$char_traits@G@std@@@std@@MAEXABVlocale@2@@Z 100038c2 f i libcpmt:wiostrea.obj
 0001:000028c5       ??0?$basic_filebuf@GU?$char_traits@G@std@@@std@@QAE@W4_Uninitialized@1@@Z 100038c5 f i libcpmt:wiostrea.obj
 0001:000028d0       ??1?$basic_filebuf@GU?$char_traits@G@std@@@std@@UAE@XZ 100038d0 f i libcpmt:wiostrea.obj
 0001:00002935       ?overflow@?$basic_filebuf@GU?$char_traits@G@std@@@std@@MAEGG@Z 10003935 f i libcpmt:wiostrea.obj
 0001:00002a7d       ?pbackfail@?$basic_filebuf@GU?$char_traits@G@std@@@std@@MAEGG@Z 10003a7d f i libcpmt:wiostrea.obj
 0001:00002b34       ?underflow@?$basic_filebuf@GU?$char_traits@G@std@@@std@@MAEGXZ 10003b34 f i libcpmt:wiostrea.obj
 0001:00002b62       ?uflow@?$basic_filebuf@GU?$char_traits@G@std@@@std@@MAEGXZ 10003b62 f i libcpmt:wiostrea.obj
 0001:00002c80       ?seekoff@?$basic_filebuf@GU?$char_traits@G@std@@@std@@MAE?AV?$fpos@H@2@JW4seekdir@ios_base@2@H@Z 10003c80 f i libcpmt:wiostrea.obj
 0001:00002cef       ?seekpos@?$basic_filebuf@GU?$char_traits@G@std@@@std@@MAE?AV?$fpos@H@2@V32@H@Z 10003cef f i libcpmt:wiostrea.obj
 0001:00002d9e       ?setbuf@?$basic_filebuf@GU?$char_traits@G@std@@@std@@MAEPAV?$basic_streambuf@GU?$char_traits@G@std@@@2@PAGH@Z 10003d9e f i libcpmt:wiostrea.obj
 0001:00002dcc       ?sync@?$basic_filebuf@GU?$char_traits@G@std@@@std@@MAEHXZ 10003dcc f i libcpmt:wiostrea.obj
 0001:00002de5       ??_E?$basic_ostream@GU?$char_traits@G@std@@@std@@UAEPAXI@Z 10003de5 f i libcpmt:wiostrea.obj
 0001:00002de5       ??_G?$basic_ostream@GU?$char_traits@G@std@@@std@@UAEPAXI@Z 10003de5 f i libcpmt:wiostrea.obj
 0001:00002e04       ??_E?$basic_ios@GU?$char_traits@G@std@@@std@@UAEPAXI@Z 10003e04 f i libcpmt:wiostrea.obj
 0001:00002e04       ??_G?$basic_ios@GU?$char_traits@G@std@@@std@@UAEPAXI@Z 10003e04 f i libcpmt:wiostrea.obj
 0001:00002e20       ??_G?$basic_istream@GU?$char_traits@G@std@@@std@@UAEPAXI@Z 10003e20 f i libcpmt:wiostrea.obj
 0001:00002e20       ??_E?$basic_istream@GU?$char_traits@G@std@@@std@@UAEPAXI@Z 10003e20 f i libcpmt:wiostrea.obj
 0001:00002e3f       ??_E?$basic_streambuf@GU?$char_traits@G@std@@@std@@UAEPAXI@Z 10003e3f f i libcpmt:wiostrea.obj
 0001:00002e3f       ??_G?$basic_streambuf@GU?$char_traits@G@std@@@std@@UAEPAXI@Z 10003e3f f i libcpmt:wiostrea.obj
 0001:00002e5b       ??_E?$basic_filebuf@GU?$char_traits@G@std@@@std@@UAEPAXI@Z 10003e5b f i libcpmt:wiostrea.obj
 0001:00002e5b       ??_G?$basic_filebuf@GU?$char_traits@G@std@@@std@@UAEPAXI@Z 10003e5b f i libcpmt:wiostrea.obj
 0001:00002e77       ?init@?$basic_ios@GU?$char_traits@G@std@@@std@@IAEXPAV?$basic_streambuf@GU?$char_traits@G@std@@@2@_N@Z 10003e77 f i libcpmt:wiostrea.obj
 0001:00002ec1       ?gbump@?$basic_streambuf@GU?$char_traits@G@std@@@std@@IAEXH@Z 10003ec1 f i libcpmt:wiostrea.obj
 0001:00002ed5       ?_Gndec@?$basic_streambuf@GU?$char_traits@G@std@@@std@@IAEPAGXZ 10003ed5 f i libcpmt:wiostrea.obj
 0001:00002ee6       ?_Gninc@?$basic_streambuf@GU?$char_traits@G@std@@@std@@IAEPAGXZ 10003ee6 f i libcpmt:wiostrea.obj
 0001:00002ef6       ?pbump@?$basic_streambuf@GU?$char_traits@G@std@@@std@@IAEXH@Z 10003ef6 f i libcpmt:wiostrea.obj
 0001:00002f0a       ?_Pninc@?$basic_streambuf@GU?$char_traits@G@std@@@std@@IAEPAGXZ 10003f0a f i libcpmt:wiostrea.obj
 0001:00002f1a       ?close@?$basic_filebuf@GU?$char_traits@G@std@@@std@@QAEPAV12@XZ 10003f1a f i libcpmt:wiostrea.obj
 0001:00002f41       ?_Init@?$basic_filebuf@GU?$char_traits@G@std@@@std@@IAEXPAU_iobuf@@W4_Initfl@12@@Z 10003f41 f i libcpmt:wiostrea.obj
 0001:00002f97       ?_Init@?$basic_streambuf@GU?$char_traits@G@std@@@std@@IAEXXZ 10003f97 f i libcpmt:wiostrea.obj
 0001:0000301b       ?_Xlen@std@@YAXXZ          1000401b f   libcpmt:string.obj
 0001:00003075       ??0logic_error@std@@QAE@ABV?$basic_string@DU?$char_traits@D@std@@V?$allocator@D@2@@1@@Z 10004075 f i libcpmt:string.obj
 0001:000030d9       ?what@logic_error@std@@UBEPBDXZ 100040d9 f i libcpmt:string.obj
 0001:000030e6       ?_Doraise@logic_error@std@@MBEXXZ 100040e6 f i libcpmt:string.obj
 0001:00003103       ??1logic_error@std@@UAE@XZ 10004103 f i libcpmt:string.obj
 0001:00003140       ??_Glogic_error@std@@UAEPAXI@Z 10004140 f i libcpmt:string.obj
 0001:00003140       ??_Elogic_error@std@@UAEPAXI@Z 10004140 f i libcpmt:string.obj
 0001:0000315c       ??0logic_error@std@@QAE@ABV01@@Z 1000415c f i libcpmt:string.obj
 0001:000031b9       ??1length_error@std@@UAE@XZ 100041b9 f i libcpmt:string.obj
 0001:000031f6       ?_Doraise@length_error@std@@MBEXXZ 100041f6 f i libcpmt:string.obj
 0001:00003213       ??_Elength_error@std@@UAEPAXI@Z 10004213 f i libcpmt:string.obj
 0001:00003213       ??_Glength_error@std@@UAEPAXI@Z 10004213 f i libcpmt:string.obj
 0001:0000322f       ??0length_error@std@@QAE@ABV01@@Z 1000422f f i libcpmt:string.obj
 0001:00003247       ?_Xran@std@@YAXXZ          10004247 f   libcpmt:string.obj
 0001:000032a1       ??1out_of_range@std@@UAE@XZ 100042a1 f i libcpmt:string.obj
 0001:000032de       ?_Doraise@out_of_range@std@@MBEXXZ 100042de f i libcpmt:string.obj
 0001:000032fb       ??_Eout_of_range@std@@UAEPAXI@Z 100042fb f i libcpmt:string.obj
 0001:000032fb       ??_Gout_of_range@std@@UAEPAXI@Z 100042fb f i libcpmt:string.obj
 0001:00003317       ??0out_of_range@std@@QAE@ABV01@@Z 10004317 f i libcpmt:string.obj
 0001:00003371       ??0_Lockit@std@@QAE@XZ     10004371 f   libcpmt:xlock.obj
 0001:0000340d       ??1_Lockit@std@@QAE@XZ     1000440d f   libcpmt:xlock.obj
 0001:00003422       ?clear@ios_base@std@@QAEXH_N@Z 10004422 f   libcpmt:ios.obj
 0001:000034be       ??0runtime_error@std@@QAE@ABV?$basic_string@DU?$char_traits@D@std@@V?$allocator@D@2@@1@@Z 100044be f i libcpmt:ios.obj
 0001:00003522       ?what@runtime_error@std@@UBEPBDXZ 10004522 f i libcpmt:ios.obj
 0001:0000352f       ?_Doraise@runtime_error@std@@MBEXXZ 1000452f f i libcpmt:ios.obj
 0001:0000354c       ??1runtime_error@std@@UAE@XZ 1000454c f i libcpmt:ios.obj
 0001:00003589       ??_Eruntime_error@std@@UAEPAXI@Z 10004589 f i libcpmt:ios.obj
 0001:00003589       ??_Gruntime_error@std@@UAEPAXI@Z 10004589 f i libcpmt:ios.obj
 0001:000035a5       ??0runtime_error@std@@QAE@ABV01@@Z 100045a5 f i libcpmt:ios.obj
 0001:00003602       ??1failure@ios_base@std@@UAE@XZ 10004602 f i libcpmt:ios.obj
 0001:0000363f       ?_Doraise@failure@ios_base@std@@MBEXXZ 1000463f f i libcpmt:ios.obj
 0001:0000365c       ??_Gfailure@ios_base@std@@UAEPAXI@Z 1000465c f i libcpmt:ios.obj
 0001:0000365c       ??_Efailure@ios_base@std@@UAEPAXI@Z 1000465c f i libcpmt:ios.obj
 0001:00003678       ??0failure@ios_base@std@@QAE@ABV012@@Z 10004678 f i libcpmt:ios.obj
 0001:00003690       ?copyfmt@ios_base@std@@QAEAAV12@ABV12@@Z 10004690 f   libcpmt:ios.obj
 0001:00003721       ??4locale@std@@QAEAAV01@ABV01@@Z 10004721 f i libcpmt:ios.obj
 0001:00003750       ?imbue@ios_base@std@@QAE?AVlocale@2@ABV32@@Z 10004750 f   libcpmt:ios.obj
 0001:000037af       ?register_callback@ios_base@std@@QAEXP6AXW4event@12@AAV12@H@ZH@Z 100047af f   libcpmt:ios.obj
 0001:000037e5       ??1ios_base@std@@UAE@XZ    100047e5 f   libcpmt:ios.obj
 0001:00003835       ??_Eios_base@std@@UAEPAXI@Z 10004835 f i libcpmt:ios.obj
 0001:00003835       ??_Gios_base@std@@UAEPAXI@Z 10004835 f i libcpmt:ios.obj
 0001:00003851       ?_Callfns@ios_base@std@@AAEXW4event@12@@Z 10004851 f   libcpmt:ios.obj
 0001:00003873       ?_Findarr@ios_base@std@@AAEAAU_Iosarray@12@H@Z 10004873 f   libcpmt:ios.obj
 0001:00003944       ?_Addstd@ios_base@std@@IAEXXZ 10004944 f   libcpmt:ios.obj
 0001:00003992       ?_Init@ios_base@std@@IAEXXZ 10004992 f   libcpmt:ios.obj
 0001:000039ca       ?_Tidy@ios_base@std@@AAEXXZ 100049ca f   libcpmt:ios.obj
 0001:00003a2d       ?classic@locale@std@@SAABV12@XZ 10004a2d f   libcpmt:locale0.obj
 0001:00003a4d       ?empty@locale@std@@SA?AV12@XZ 10004a4d f   libcpmt:locale0.obj
 0001:00003a94       ?_Getfacet@locale@std@@QBEPBVfacet@12@I_N@Z 10004a94 f   libcpmt:locale0.obj
 0001:00003aea       ?_Iscloc@locale@std@@QBE_NXZ 10004aea f   libcpmt:locale0.obj
 0001:00003b25       ??8locale@std@@QBE_NABV01@@Z 10004b25 f   libcpmt:locale0.obj
 0001:00003bf4       ?name@locale@std@@QBE?AV?$basic_string@DU?$char_traits@D@std@@V?$allocator@D@2@@2@XZ 10004bf4 f i libcpmt:locale0.obj
 0001:00003c2b       ?_Init@locale@std@@CAPAV_Locimp@12@XZ 10004c2b f   libcpmt:locale0.obj
 0001:00003cf5       ?_Tidy@locale@std@@CAXXZ   10004cf5 f   libcpmt:locale0.obj
 0001:00003d3f       ??0_Locimp@locale@std@@AAE@_N@Z 10004d3f f   libcpmt:locale0.obj
 0001:00003db1       ??1facet@locale@std@@UAE@XZ 10004db1 f i libcpmt:locale0.obj
 0001:00003db8       ??_Gfacet@locale@std@@UAEPAXI@Z 10004db8 f i libcpmt:locale0.obj
 0001:00003db8       ??_Efacet@locale@std@@UAEPAXI@Z 10004db8 f i libcpmt:locale0.obj
 0001:00003dd5       ??_E_Locimp@locale@std@@UAEPAXI@Z 10004dd5 f i libcpmt:locale0.obj
 0001:00003dd5       ??_G_Locimp@locale@std@@UAEPAXI@Z 10004dd5 f i libcpmt:locale0.obj
 0001:00003df1       ??1_Locimp@locale@std@@UAE@XZ 10004df1 f   libcpmt:locale0.obj
 0001:00003e79       ?compare@?$basic_string@DU?$char_traits@D@std@@V?$allocator@D@2@@std@@QBEHABV12@@Z 10004e79 f i libcpmt:locale0.obj
 0001:00003e9b       ?compare@?$basic_string@DU?$char_traits@D@std@@V?$allocator@D@2@@std@@QBEHIIPBDI@Z 10004e9b f i libcpmt:locale0.obj
 0001:00003f40       __Mbrtowc                  10004f40 f   libcpmt:xmbtowc.obj
 0001:000040b6       _btowc                     100050b6 f   libcpmt:xmbtowc.obj
 0001:000040f7       _mbrlen                    100050f7 f   libcpmt:xmbtowc.obj
 0001:00004162       _mbrtowc                   10005162 f   libcpmt:xmbtowc.obj
 0001:000041f3       _mbsrtowcs                 100051f3 f   libcpmt:xmbtowc.obj
 0001:000042e8       ?_Nomemory@std@@YAXXZ      100052e8 f   libcpmt:nomemory.obj
 0001:00004333       ??0bad_alloc@std@@QAE@PBD@Z 10005333 f i libcpmt:nomemory.obj
 0001:0000434c       ??1bad_alloc@std@@UAE@XZ   1000534c f i libcpmt:nomemory.obj
 0001:00004357       ?_Doraise@bad_alloc@std@@MBEXXZ 10005357 f i libcpmt:nomemory.obj
 0001:00004374       ??_Ebad_alloc@std@@UAEPAXI@Z 10005374 f i libcpmt:nomemory.obj
 0001:00004374       ??_Gbad_alloc@std@@UAEPAXI@Z 10005374 f i libcpmt:nomemory.obj
 0001:00004390       ??0bad_alloc@std@@QAE@ABV01@@Z 10005390 f i libcpmt:nomemory.obj
 0001:000043b2       __onexit                   100053b2 f   LIBCMT:onexit.obj
 0001:00004430       _atexit                    10005430 f   LIBCMT:onexit.obj
 0001:00004442       ___onexitinit              10005442 f   LIBCMT:onexit.obj
 0001:00004471       ??1type_info@@UAE@XZ       10005471 f   LIBCMT:typinfo.obj
 0001:0000449a       ??_Gtype_info@@UAEPAXI@Z   1000549a f i LIBCMT:typinfo.obj
 0001:0000449a       ??_Etype_info@@UAEPAXI@Z   1000549a f i LIBCMT:typinfo.obj
 0001:000044b6       ??8type_info@@QBEHABV0@@Z  100054b6 f   LIBCMT:typinfo.obj
 0001:000044d1       ??9type_info@@QBEHABV0@@Z  100054d1 f   LIBCMT:typinfo.obj
 0001:000044ed       ?before@type_info@@QBEHABV1@@Z 100054ed f   LIBCMT:typinfo.obj
 0001:0000450c       ?raw_name@type_info@@QBEPBDXZ 1000550c f   LIBCMT:typinfo.obj
 0001:00004510       ??0type_info@@AAE@ABV0@@Z  10005510 f   LIBCMT:typinfo.obj
 0001:0000451b       ??4type_info@@AAEAAV0@ABV0@@Z 1000551b f   LIBCMT:typinfo.obj
 0001:00004520       _memcpy                    10005520 f   LIBCMT:memcpy.obj
 0001:00004860       _memcmp                    10005860 f   LIBCMT:memcmp.obj
 0001:00004910       _strcpy                    10005910 f   LIBCMT:strcat.obj
 0001:00004920       _strcat                    10005920 f   LIBCMT:strcat.obj
 0001:00004a00       ?_JumpToContinuation@@YGXPAXPAUEHRegistrationNode@@@Z 10005a00 f   LIBCMT:trnsctrl.obj
 0001:00004a34       ?_CallMemberFunction0@@YGXPAX0@Z 10005a34 f   LIBCMT:trnsctrl.obj
 0001:00004a3b       ?_CallMemberFunction1@@YGXPAX00@Z 10005a3b f   LIBCMT:trnsctrl.obj
 0001:00004a42       ?_CallMemberFunction2@@YGXPAX00H@Z 10005a42 f   LIBCMT:trnsctrl.obj
 0001:00004a49       ?_UnwindNestedFrames@@YGXPAUEHRegistrationNode@@PAUEHExceptionRecord@@@Z 10005a49 f   LIBCMT:trnsctrl.obj
 0001:00004a98       ___CxxFrameHandler         10005a98 f   LIBCMT:trnsctrl.obj
 0001:00004ace       ___CxxLongjmpUnwind@4      10005ace f   LIBCMT:trnsctrl.obj
 0001:00004ae8       ?_CallCatchBlock2@@YAPAXPAUEHRegistrationNode@@PBU_s_FuncInfo@@PAXHK@Z 10005ae8 f   LIBCMT:trnsctrl.obj
 0001:00004b61       ?_CallSETranslator@@YAHPAUEHExceptionRecord@@PAUEHRegistrationNode@@PAX2PBU_s_FuncInfo@@H1@Z 10005b61 f   LIBCMT:trnsctrl.obj
 0001:00004c8c       ?_GetRangeOfTrysToCheck@@YAPBU_s_TryBlockMapEntry@@PBU_s_FuncInfo@@HHPAI1@Z 10005c8c f   LIBCMT:trnsctrl.obj
 0001:00004d08       __global_unwind2           10005d08 f   LIBCMT:exsup.obj
 0001:00004d4a       __local_unwind2            10005d4a f   LIBCMT:exsup.obj
 0001:00004da2       __NLG_Return2              10005da2 f   LIBCMT:exsup.obj
 0001:00004db2       __abnormal_termination     10005db2 f   LIBCMT:exsup.obj
 0001:00004dd5       __NLG_Notify1              10005dd5 f   LIBCMT:exsup.obj
 0001:00004dde       __NLG_Notify               10005dde f   LIBCMT:exsup.obj
 0001:00004df1       __NLG_Dispatch             10005df1 f   LIBCMT:exsup.obj
 0001:00004df8       __EH_prolog                10005df8 f   LIBCMT:ehprolog.obj
 0001:00004e20       _strlen                    10005e20 f   LIBCMT:strlen.obj
 0001:00004e9b       __CxxThrowException@8      10005e9b f   LIBCMT:throw.obj
 0001:00004ed5       __purecall                 10005ed5 f   LIBCMT:purevirt.obj
 0001:00004ede       ??0exception@@QAE@XZ       10005ede f   LIBCMT:stdexcpt.obj
 0001:00004eef       ??_Gexception@@UAEPAXI@Z   10005eef f i LIBCMT:stdexcpt.obj
 0001:00004eef       ??_Eexception@@UAEPAXI@Z   10005eef f i LIBCMT:stdexcpt.obj
 0001:00004f0b       ??0exception@@QAE@ABQBD@Z  10005f0b f   LIBCMT:stdexcpt.obj
 0001:00004f48       ??0exception@@QAE@ABV0@@Z  10005f48 f   LIBCMT:stdexcpt.obj
 0001:00004f92       ??4exception@@QAEAAV0@ABV0@@Z 10005f92 f   LIBCMT:stdexcpt.obj
 0001:00004fb1       ??1exception@@UAE@XZ       10005fb1 f   LIBCMT:stdexcpt.obj
 0001:00004fc7       ?what@exception@@UBEPBDXZ  10005fc7 f   LIBCMT:stdexcpt.obj
 0001:00004fe0       _memmove                   10005fe0 f   LIBCMT:memmove.obj
 0001:00005315       __CRT_INIT@12              10006315 f   LIBCMT:dllcrt0.obj
 0001:000053ee       __DllMainCRTStartup@12     100063ee f   LIBCMT:dllcrt0.obj
 0001:0000548b       __amsg_exit                1000648b f   LIBCMT:dllcrt0.obj
 0001:000054be       ___initstdio               100064be f   LIBCMT:_file.obj
 0001:00005566       ___endstdio                10006566 f   LIBCMT:_file.obj
 0001:0000557a       __lock_file                1000657a f   LIBCMT:_file.obj
 0001:000055a9       __lock_file2               100065a9 f   LIBCMT:_file.obj
 0001:000055cc       __unlock_file              100065cc f   LIBCMT:_file.obj
 0001:000055fb       __unlock_file2             100065fb f   LIBCMT:_file.obj
 0001:0000561e       _fwrite                    1000661e f   LIBCMT:fwrite.obj
 0001:0000564d       __fwrite_lk                1000664d f   LIBCMT:fwrite.obj
 0001:00005757       _fputc                     10006757 f   LIBCMT:fputc.obj
 0001:00005792       _putc                      10006792 f   LIBCMT:fputc.obj
 0001:000057a2       _ungetc                    100067a2 f   LIBCMT:ungetc.obj
 0001:000057cb       __ungetc_lk                100067cb f   LIBCMT:ungetc.obj
 0001:00005839       _fgetc                     10006839 f   LIBCMT:fgetc.obj
 0001:0000586a       _getc                      1000686a f   LIBCMT:fgetc.obj
 0001:00005875       _fgetpos                   10006875 f   LIBCMT:fgetpos.obj
 0001:00005897       _fseek                     10006897 f   LIBCMT:fseek.obj
 0001:000058c3       __fseek_lk                 100068c3 f   LIBCMT:fseek.obj
 0001:00005950       _fsetpos                   10006950 f   LIBCMT:fsetpos.obj
 0001:00005968       _setvbuf                   10006968 f   LIBCMT:setvbuf.obj
 0001:00005a17       _fflush                    10006a17 f   LIBCMT:fflush.obj
 0001:00005a46       __fflush_lk                10006a46 f   LIBCMT:fflush.obj
 0001:00005a74       __flush                    10006a74 f   LIBCMT:fflush.obj
 0001:00005ad0       __flushall                 10006ad0 f   LIBCMT:fflush.obj
 0001:00005b80       _memset                    10006b80 f   LIBCMT:memset.obj
 0001:00005bd8       _fclose                    10006bd8 f   LIBCMT:fclose.obj
 0001:00005c09       __fclose_lk                10006c09 f   LIBCMT:fclose.obj
 0001:00005c55       _fputwc                    10006c55 f   LIBCMT:fputwc.obj
 0001:00005c7f       __putwc_lk                 10006c7f f   LIBCMT:fputwc.obj
 0001:00005d78       _putwc                     10006d78 f   LIBCMT:fputwc.obj
 0001:00005d88       _ungetwc                   10006d88 f   LIBCMT:ungetwc.obj
 0001:00005db2       __ungetwc_lk               10006db2 f   LIBCMT:ungetwc.obj
 0001:00005e9f       _fgetwc                    10006e9f f   LIBCMT:fgetwc.obj
 0001:00005ec2       __getwc_lk                 10006ec2 f   LIBCMT:fgetwc.obj
 0001:00005fb3       _getwc                     10006fb3 f   LIBCMT:fgetwc.obj
 0001:00005fbe       _free                      10006fbe f   LIBCMT:free.obj
 0001:000060a7       __mtinitlocks              100070a7 f   LIBCMT:mlock.obj
 0001:000060d0       __mtdeletelocks            100070d0 f   LIBCMT:mlock.obj
 0001:0000613c       __lock                     1000713c f   LIBCMT:mlock.obj
 0001:0000619d       __unlock                   1000719d f   LIBCMT:mlock.obj
 0001:000061b2       __lockerr_exit             100071b2 f   LIBCMT:mlock.obj
 0001:000061ca       _setlocale                 100071ca f   LIBCMT:setlocal.obj
 0001:000065e4       __expandlocale             100075e4 f   LIBCMT:setlocal.obj
 0001:000066fc       ___init_dummy              100076fc f   LIBCMT:setlocal.obj
 0001:000066ff       __strcats                  100076ff f   LIBCMT:setlocal.obj
 0001:00006724       ___lc_strtolc              10007724 f   LIBCMT:setlocal.obj
 0001:000067f0       ___lc_lctostr              100077f0 f   LIBCMT:setlocal.obj
 0001:00006843       __dosmaperr                10007843 f   LIBCMT:dosmap.obj
 0001:000068b6       __errno                    100078b6 f   LIBCMT:dosmap.obj
 0001:000068bf       ___doserrno                100078bf f   LIBCMT:dosmap.obj
 0001:000068c8       __cinit                    100078c8 f   LIBCMT:crt0dat.obj
 0001:000068f5       _exit                      100078f5 f   LIBCMT:crt0dat.obj
 0001:00006906       __exit                     10007906 f   LIBCMT:crt0dat.obj
 0001:00006917       __cexit                    10007917 f   LIBCMT:crt0dat.obj
 0001:00006926       __c_exit                   10007926 f   LIBCMT:crt0dat.obj
 0001:000069da       __lockexit                 100079da f   LIBCMT:crt0dat.obj
 0001:000069e3       __unlockexit               100079e3 f   LIBCMT:crt0dat.obj
 0001:00006a06       _realloc                   10007a06 f   LIBCMT:realloc.obj
 0001:00006d35       __msize                    10007d35 f   LIBCMT:msize.obj
 0001:00006e23       _malloc                    10007e23 f   LIBCMT:malloc.obj
 0001:00006e35       __nh_malloc                10007e35 f   LIBCMT:malloc.obj
 0001:00006e61       __heap_alloc               10007e61 f   LIBCMT:malloc.obj
 0001:00006f60       _strcmp                    10007f60 f   LIBCMT:strcmp.obj
 0001:00006fe4       ___InternalCxxFrameHandler 10007fe4 f   LIBCMT:frame.obj
 0001:00007339       ___FrameUnwindToState      10008339 f   LIBCMT:frame.obj
 0001:00007771       ?_DestructExceptionObject@@YAXPAUEHExceptionRecord@@E@Z 10008771 f   LIBCMT:frame.obj
 0001:00007800       __CallSettingFrame@12      10008800 f   LIBCMT:lowhelpr.obj
 0001:00007827       __NLG_Return               10008827 f   LIBCMT:lowhelpr.obj
 0001:0000784c       __mtinit                   1000884c f   LIBCMT:tidtable.obj
 0001:000078a0       __mtterm                   100088a0 f   LIBCMT:tidtable.obj
 0001:000078be       __initptd                  100088be f   LIBCMT:tidtable.obj
 0001:000078d1       __getptd                   100088d1 f   LIBCMT:tidtable.obj
 0001:00007938       __freeptd                  10008938 f   LIBCMT:tidtable.obj
 0001:000079d8       ___threadid                100089d8 f   LIBCMT:tidtable.obj
 0001:000079de       ___threadhandle            100089de f   LIBCMT:tidtable.obj
 0001:000079e4       ?terminate@@YAXXZ          100089e4 f   LIBCMT:hooks.obj
 0001:00007a45       ?unexpected@@YAXXZ         10008a45 f   LIBCMT:hooks.obj
 0001:00007a5d       ?_inconsistency@@YAXXZ     10008a5d f   LIBCMT:hooks.obj
 0001:00007ab3       ?__CxxUnhandledExceptionFilter@@YGJPAU_EXCEPTION_POINTERS@@@Z 10008ab3 f   LIBCMT:unhandld.obj
 0001:00007af9       ?__CxxSetUnhandledExceptionFilter@@YAXXZ 10008af9 f   LIBCMT:unhandld.obj
 0001:00007b0a       ?__CxxRestoreUnhandledExceptionFilter@@YAXXZ 10008b0a f   LIBCMT:unhandld.obj
 0001:00007b17       __ioinit                   10008b17 f   LIBCMT:ioinit.obj
 0001:00007cd3       __ioterm                   10008cd3 f   LIBCMT:ioinit.obj
 0001:00007d27       __setenvp                  10008d27 f   LIBCMT:stdenvp.obj
 0001:00007de0       __setargv                  10008de0 f   LIBCMT:stdargv.obj
 0001:0000802d       ___crtGetEnvironmentStringsA 1000902d f   LIBCMT:a_env.obj
 0001:0000815f       __GetLinkerVersion         1000915f f   LIBCMT:heapinit.obj
 0001:0000818c       ___heap_select             1000918c f   LIBCMT:heapinit.obj
 0001:000082d4       __heap_init                100092d4 f   LIBCMT:heapinit.obj
 0001:00008331       __heap_term                10009331 f   LIBCMT:heapinit.obj
 0001:000083d9       __FF_MSGBANNER             100093d9 f   LIBCMT:crt0msg.obj
 0001:00008412       __NMSG_WRITE               10009412 f   LIBCMT:crt0msg.obj
 0001:00008565       __GET_RTERRMSG             10009565 f   LIBCMT:crt0msg.obj
 0001:00008596       _calloc                    10009596 f   LIBCMT:calloc.obj
 0001:000086d3       __fcloseall                100096d3 f   LIBCMT:closeall.obj
 0001:00008754       __flsbuf                   10009754 f   LIBCMT:_flsbuf.obj
 0001:0000886c       __write                    1000986c f   LIBCMT:write.obj
 0001:000088d1       __write_lk                 100098d1 f   LIBCMT:write.obj
 0001:00008a5c       __getbuf                   10009a5c f   LIBCMT:_getbuf.obj
 0001:00008aa0       __filbuf                   10009aa0 f   LIBCMT:_filbuf.obj
 0001:00008b7c       __ftelli64                 10009b7c f   LIBCMT:ftelli64.obj
 0001:00008ba4       __ftelli64_lk              10009ba4 f   LIBCMT:ftelli64.obj
 0001:00008d34       __lseek                    10009d34 f   LIBCMT:lseek.obj
 0001:00008d99       __lseek_lk                 10009d99 f   LIBCMT:lseek.obj
 0001:00008e0c       _ftell                     10009e0c f   LIBCMT:ftell.obj
 0001:00008e2e       __ftell_lk                 10009e2e f   LIBCMT:ftell.obj
 0001:00008f8f       __fseeki64                 10009f8f f   LIBCMT:fseeki64.obj
 0001:00008fbe       __fseeki64_lk              10009fbe f   LIBCMT:fseeki64.obj
 0001:0000904f       __freebuf                  1000a04f f   LIBCMT:_freebuf.obj
 0001:0000907a       __commit                   1000a07a f   LIBCMT:commit.obj
 0001:0000910d       __close                    1000a10d f   LIBCMT:close.obj
 0001:0000916a       __close_lk                 1000a16a f   LIBCMT:close.obj
 0001:000091ed       __flswbuf                  1000a1ed f   LIBCMT:_flswbuf.obj
 0001:00009314       _wctomb                    1000a314 f   LIBCMT:wctomb.obj
 0001:0000936d       __wctomb_lk                1000a36d f   LIBCMT:wctomb.obj
 0001:000093d6       __filwbuf                  1000a3d6 f   LIBCMT:_filwbuf.obj
 0001:000094bd       _mbtowc                    1000a4bd f   LIBCMT:mbtowc.obj
 0001:0000951a       __mbtowc_lk                1000a51a f   LIBCMT:mbtowc.obj
 0001:000095e3       __get_sbh_threshold        1000a5e3 f   LIBCMT:sbheap.obj
 0001:00009602       __set_sbh_threshold        1000a602 f   LIBCMT:sbheap.obj
 0001:000096b5       ___sbh_heap_init           1000a6b5 f   LIBCMT:sbheap.obj
 0001:000096fd       ___sbh_find_block          1000a6fd f   LIBCMT:sbheap.obj
 0001:00009728       ___sbh_free_block          1000a728 f   LIBCMT:sbheap.obj
 0001:00009a51       ___sbh_alloc_block         1000aa51 f   LIBCMT:sbheap.obj
 0001:00009d5a       ___sbh_alloc_new_region    1000ad5a f   LIBCMT:sbheap.obj
 0001:00009e0b       ___sbh_alloc_new_group     1000ae0b f   LIBCMT:sbheap.obj
 0001:00009f06       ___sbh_resize_block        1000af06 f   LIBCMT:sbheap.obj
 0001:0000a1fc       ___sbh_heapmin             1000b1fc f   LIBCMT:sbheap.obj
 0001:0000a2cd       ___sbh_heap_check          1000b2cd f   LIBCMT:sbheap.obj
 0001:0000a5fc       __get_old_sbh_threshold    1000b5fc f   LIBCMT:sbheap.obj
 0001:0000a602       __set_old_sbh_threshold    1000b602 f   LIBCMT:sbheap.obj
 0001:0000a61e       ___old_sbh_new_region      1000b61e f   LIBCMT:sbheap.obj
 0001:0000a762       ___old_sbh_release_region  1000b762 f   LIBCMT:sbheap.obj
 0001:0000a7b8       ___old_sbh_decommit_pages  1000b7b8 f   LIBCMT:sbheap.obj
 0001:0000a87a       ___old_sbh_find_block      1000b87a f   LIBCMT:sbheap.obj
 0001:0000a8d1       ___old_sbh_free_block      1000b8d1 f   LIBCMT:sbheap.obj
 0001:0000a916       ___old_sbh_alloc_block     1000b916 f   LIBCMT:sbheap.obj
 0001:0000ab1e       ___old_sbh_alloc_block_from_page 1000bb1e f   LIBCMT:sbheap.obj
 0001:0000ac42       ___old_sbh_resize_block    1000bc42 f   LIBCMT:sbheap.obj
 0001:0000aceb       ___old_sbh_heap_check      1000bceb f   LIBCMT:sbheap.obj
 0001:0000ae54       __except_handler3          1000be54 f   LIBCMT:exsup3.obj
 0001:0000af11       __seh_longjmp_unwind@4     1000bf11 f   LIBCMT:exsup3.obj
 0001:0000af2c       ___init_time               1000bf2c f   LIBCMT:inittime.obj
 0001:0000b49b       ___init_numeric            1000c49b f   LIBCMT:initnum.obj
 0001:0000b6a7       ___init_monetary           1000c6a7 f   LIBCMT:initmon.obj
 0001:0000b919       ___init_ctype              1000c919 f   LIBCMT:initctyp.obj
 0001:0000bb5e       ___init_collate            1000cb5e f   LIBCMT:initcoll.obj
 0001:0000bb70       _strncpy                   1000cb70 f   LIBCMT:strncpy.obj
 0001:0000bc70       _strcspn                   1000cc70 f   LIBCMT:strcspn.obj
 0001:0000bcb0       _strncmp                   1000ccb0 f   LIBCMT:strncmp.obj
 0001:0000bcf0       _strpbrk                   1000ccf0 f   LIBCMT:strpbrk.obj
 0001:0000bd2a       ___get_qualified_locale    1000cd2a f   LIBCMT:getqloc.obj
 0001:0000c5d1       ?_set_new_handler@@YAP6AHI@ZP6AHI@Z@Z 1000d5d1 f   LIBCMT:handler.obj
 0001:0000c5f5       ?_query_new_handler@@YAP6AHI@ZXZ 1000d5f5 f   LIBCMT:handler.obj
 0001:0000c5fb       __callnewh                 1000d5fb f   LIBCMT:handler.obj
 0001:0000c616       ?_ValidateRead@@YAHPBXI@Z  1000d616 f   LIBCMT:validate.obj
 0001:0000c632       ?_ValidateWrite@@YAHPAXI@Z 1000d632 f   LIBCMT:validate.obj
 0001:0000c64e       ?_ValidateExecute@@YAHP6GHXZ@Z 1000d64e f   LIBCMT:validate.obj
 0001:0000c666       __XcptFilter               1000d666 f   LIBCMT:winxfltr.obj
 0001:0000c7de       _abort                     1000d7de f   LIBCMT:abort.obj
 0001:0000c7f5       __setmbcp                  1000d7f5 f   LIBCMT:mbctype.obj
 0001:0000cbcd       __getmbcp                  1000dbcd f   LIBCMT:mbctype.obj
 0001:0000cbdd       ___initmbctable            1000dbdd f   LIBCMT:mbctype.obj
 0001:0000cbf9       _strtol                    1000dbf9 f   LIBCMT:strtol.obj
 0001:0000ce15       _strtoul                   1000de15 f   LIBCMT:strtol.obj
 0001:0000ce40       _strchr                    1000de40 f   LIBCMT:strchr.obj
 0001:0000ce46       ___from_strstr_to_strchr   1000de46 f   LIBCMT:strchr.obj
 0001:0000cf00       _strstr                    1000df00 f   LIBCMT:strstr.obj
 0001:0000cf80       __chkstk                   1000df80 f   LIBCMT:chkstk.obj
 0001:0000cf80       __alloca_probe             1000df80 f   LIBCMT:chkstk.obj
 0001:0000cfaf       ___crtMessageBoxA          1000dfaf f   LIBCMT:crtmbox.obj
 0001:0000d038       __isatty                   1000e038 f   LIBCMT:isatty.obj
 0001:0000d061       __alloc_osfhnd             1000e061 f   LIBCMT:osfinfo.obj
 0001:0000d184       __set_osfhnd               1000e184 f   LIBCMT:osfinfo.obj
 0001:0000d200       __free_osfhnd              1000e200 f   LIBCMT:osfinfo.obj
 0001:0000d27f       __get_osfhandle            1000e27f f   LIBCMT:osfinfo.obj
 0001:0000d2c1       __open_osfhandle           1000e2c1 f   LIBCMT:osfinfo.obj
 0001:0000d368       __lock_fhandle             1000e368 f   LIBCMT:osfinfo.obj
 0001:0000d3c7       __unlock_fhandle           1000e3c7 f   LIBCMT:osfinfo.obj
 0001:0000d3e9       __read                     1000e3e9 f   LIBCMT:read.obj
 0001:0000d44e       __read_lk                  1000e44e f   LIBCMT:read.obj
 0001:0000d627       __lseeki64                 1000e627 f   LIBCMT:lseeki64.obj
 0001:0000d698       __lseeki64_lk              1000e698 f   LIBCMT:lseeki64.obj
 0001:0000d71d       __Getdays                  1000e71d f   LIBCMT:strftime.obj
 0001:0000d7ac       __Getmonths                1000e7ac f   LIBCMT:strftime.obj
 0001:0000d841       __Gettnames                1000e841 f   LIBCMT:strftime.obj
 0001:0000da73       _strftime                  1000ea73 f   LIBCMT:strftime.obj
 0001:0000da8e       __Strftime                 1000ea8e f   LIBCMT:strftime.obj
 0001:0000e364       ___getlocaleinfo           1000f364 f   LIBCMT:inithelp.obj
 0001:0000e49c       _localeconv                1000f49c f   LIBCMT:lconv.obj
 0001:0000e4a2       ___crtGetStringTypeW       1000f4a2 f   LIBCMT:w_str.obj
 0001:0000e667       ___crtGetStringTypeA       1000f667 f   LIBCMT:a_str.obj
 0001:0000e7b0       __itoa                     1000f7b0 f   LIBCMT:xtoa.obj
 0001:0000e839       __ltoa                     1000f839 f   LIBCMT:xtoa.obj
 0001:0000e863       __ultoa                    1000f863 f   LIBCMT:xtoa.obj
 0001:0000e87e       __i64toa                   1000f87e f   LIBCMT:xtoa.obj
 0001:0000e935       __ui64toa                  1000f935 f   LIBCMT:xtoa.obj
 0001:0000e950       __strcmpi                  1000f950 f   LIBCMT:stricmp.obj
 0001:0000e950       __stricmp                  1000f950 f   LIBCMT:stricmp.obj
 0001:0000ea20       __strnicmp                 1000fa20 f   LIBCMT:strnicmp.obj
 0001:0000eb21       _atol                      1000fb21 f   LIBCMT:atox.obj
 0001:0000ebac       _atoi                      1000fbac f   LIBCMT:atox.obj
 0001:0000ebb7       __atoi64                   1000fbb7 f   LIBCMT:atox.obj
 0001:0000ec71       _signal                    1000fc71 f   LIBCMT:winsig.obj
 0001:0000ee55       _raise                     1000fe55 f   LIBCMT:winsig.obj
 0001:0000f014       ___fpecode                 10010014 f   LIBCMT:winsig.obj
 0001:0000f01d       ___pxcptinfoptrs           1001001d f   LIBCMT:winsig.obj
 0001:0000f026       ___crtLCMapStringA         10010026 f   LIBCMT:a_map.obj
 0001:0000f275       __toupper                  10010275 f   LIBCMT:toupper.obj
 0001:0000f27d       _toupper                   1001027d f   LIBCMT:toupper.obj
 0001:0000f2ec       __toupper_lk               100102ec f   LIBCMT:toupper.obj
 0001:0000f3b8       __isctype                  100103b8 f   LIBCMT:isctype.obj
 0001:0000f42d       ___tzset                   1001042d f   LIBCMT:tzset.obj
 0001:0000f45b       __tzset                    1001045b f   LIBCMT:tzset.obj
 0001:0000f6f8       __isindst                  100106f8 f   LIBCMT:tzset.obj
 0001:0000fa05       ___crtGetLocaleInfoW       10010a05 f   LIBCMT:w_loc.obj
 0001:0000fb18       ___crtGetLocaleInfoA       10010b18 f   LIBCMT:a_loc.obj
 0001:0000fc40       __aulldiv                  10010c40 f   LIBCMT:ulldiv.obj
 0001:0000fcb0       __aullrem                  10010cb0 f   LIBCMT:ullrem.obj
 0001:0000fd25       __tolower                  10010d25 f   LIBCMT:tolower.obj
 0001:0000fd2d       _tolower                   10010d2d f   LIBCMT:tolower.obj
 0001:0000fd9c       __tolower_lk               10010d9c f   LIBCMT:tolower.obj
 0001:0000fe70       __allmul                   10010e70 f   LIBCMT:llmul.obj
 0001:0000fea4       _getenv                    10010ea4 f   LIBCMT:getenv.obj
 0001:0000fec5       __getenv_lk                10010ec5 f   LIBCMT:getenv.obj
 0001:0000ff42       __mbsnbicoll               10010f42 f   LIBCMT:mbsnbico.obj
 0001:0000ff81       ___wtomb_environ           10010f81 f   LIBCMT:wtombenv.obj
 0001:0000ffef       ___crtCompareStringA       10010fef f   LIBCMT:a_cmp.obj
 0001:00010297       ___crtsetenv               10011297 f   LIBCMT:setenv.obj
 0001:000104dd       __mbschr                   100114dd f   LIBCMT:mbschr.obj
 0001:00010574       __strdup                   10011574 f   LIBCMT:strdup.obj
 0001:000105a0       _EnterCriticalSection@4    100115a0 f   kernel32:KERNEL32.dll
 0001:000105a6       _Sleep@4                   100115a6 f   kernel32:KERNEL32.dll
 0001:000105ac       _InitializeCriticalSection@4 100115ac f   kernel32:KERNEL32.dll
 0001:000105b2       _InterlockedExchange@8     100115b2 f   kernel32:KERNEL32.dll
 0001:000105b8       _DeleteCriticalSection@4   100115b8 f   kernel32:KERNEL32.dll
 0001:000105be       _LeaveCriticalSection@4    100115be f   kernel32:KERNEL32.dll
 0001:000105c4       _InterlockedDecrement@4    100115c4 f   kernel32:KERNEL32.dll
 0001:000105ca       _InterlockedIncrement@4    100115ca f   kernel32:KERNEL32.dll
 0001:000105d0       _MultiByteToWideChar@24    100115d0 f   kernel32:KERNEL32.dll
 0001:000105d6       _RtlUnwind@16              100115d6 f   kernel32:KERNEL32.dll
 0001:000105dc       _RaiseException@16         100115dc f   kernel32:KERNEL32.dll
 0001:000105e2       _GetCommandLineA@0         100115e2 f   kernel32:KERNEL32.dll
 0001:000105e8       _GetVersion@0              100115e8 f   kernel32:KERNEL32.dll
 0001:000105ee       _HeapFree@12               100115ee f   kernel32:KERNEL32.dll
 0001:000105f4       _ExitProcess@4             100115f4 f   kernel32:KERNEL32.dll
 0001:000105fa       _FatalAppExitA@8           100115fa f   kernel32:KERNEL32.dll
 0001:00010600       _TerminateProcess@8        10011600 f   kernel32:KERNEL32.dll
 0001:00010606       _GetCurrentProcess@0       10011606 f   kernel32:KERNEL32.dll
 0001:0001060c       _HeapReAlloc@16            1001160c f   kernel32:KERNEL32.dll
 0001:00010612       _HeapAlloc@12              10011612 f   kernel32:KERNEL32.dll
[...]
 0003:000058b8       ?_Stz@?$fpos@H@std@@0HA    1001c8b8     <common>
 0003:000058bc       ___alternate_form          1001c8bc     <common>
 0003:000058c0       ___no_lead_zeros           1001c8c0     <common>
 0003:000058c4       ___mbcodepage              1001c8c4     <common>
 0003:000058d0       ___mbulinfo                1001c8d0     <common>
 0003:000058dc       ___ismbcodepage            1001c8dc     <common>
 0003:000058e0       __mbcasemap                1001c8e0     <common>
 0003:000059e0       __mbctype                  1001c9e0     <common>
 0003:00005ae4       ___mblcid                  1001cae4     <common>
 0003:00005ae8       ___sbh_sizeHeaderList      1001cae8     <common>
 0003:00005aec       ___sbh_indGroupDefer       1001caec     <common>
 0003:00005af0       ___sbh_pHeaderScan         1001caf0     <common>
 0003:00005af4       ___sbh_initialized         1001caf4     <common>
 0003:00005af8       ___sbh_pHeaderDefer        1001caf8     <common>
 0003:00005afc       ___sbh_cntHeaderList       1001cafc     <common>
 0003:00005b00       ___sbh_pHeaderList         1001cb00     <common>
 0003:00005b04       ___sbh_threshold           1001cb04     <common>
 0003:00005b08       __crtheap                  1001cb08     <common>
 0003:00005b0c       ___active_heap             1001cb0c     <common>
 0003:00005b20       ___pioinfo                 1001cb20     <common>
 0003:00005c20       __nhandle                  1001cc20     <common>
 0003:00005c24       ___env_initialized         1001cc24     <common>
 0003:00005c28       ___mbctype_initialized     1001cc28     <common>
 0003:00005c2c       ___onexitend               1001cc2c     <common>
 0003:00005c30       ___onexitbegin             1001cc30     <common>
 0003:00005c34       __FPinit                   1001cc34     <common>
 0003:00005c38       ___setlc_active            1001cc38     <common>
 0003:00005c3c       ___unguarded_readlc_active 1001cc3c     <common>
 0003:00005c40       ___piob                    1001cc40     <common>
 0003:00005c60       __bufin                    1001cc60     <common>
 0003:00006c60       __nstream                  1001dc60     <common>
 0003:00006c64       __acmdln                   1001dc64     <common>
 0003:00006c68       __pRawDllMain              1001dc68     <common>

 entry point at        0001:000053ee

 Static symbols

 0001:00000000       _$E25                      10001000 f   OpenSoucreCrypt.obj
 0001:00000016       _$E23                      10001016 f   OpenSoucreCrypt.obj
 0001:00000020       _$E31                      10001020 f   OpenSoucreCrypt.obj
 0001:00000036       _$E29                      10001036 f   OpenSoucreCrypt.obj
 0001:00000f5f       _$E74                      10001f5f f   OpenSoucreCrypt.obj
 0001:000043a8       _$E2                       100053a8 f   libcpmt:nomemory.obj
 0001:00003fa3       __Mbrtowc_lk               10004fa3 f   libcpmt:xmbtowc.obj
 0001:00003a0c       _$E18                      10004a0c f   libcpmt:locale0.obj
 0001:00003a16       _$E15                      10004a16 f   libcpmt:locale0.obj
 0001:00003a17       _$E17                      10004a17 f   libcpmt:locale0.obj
 0001:00003a23       _$E16                      10004a23 f   libcpmt:locale0.obj
 0001:00003efe       _$E29                      10004efe f   libcpmt:locale0.obj
 0001:00003f28       _$E25                      10004f28 f   libcpmt:locale0.obj
 0001:00003f34       _$E28                      10004f34 f   libcpmt:locale0.obj
 0001:000033ef       ?_CleanUp@std@@YAXXZ       100043ef f   libcpmt:xlock.obj
 0001:0000332f       _$E24                      1000432f f   libcpmt:string.obj
 0001:00003359       _$E20                      10004359 f   libcpmt:string.obj
 0001:00003365       _$E23                      10004365 f   libcpmt:string.obj
 0001:00002154       _$E18                      10003154 f   libcpmt:wiostrea.obj
 0001:0000215e       _$E15                      1000315e f   libcpmt:wiostrea.obj
 0001:00002168       _$E17                      10003168 f   libcpmt:wiostrea.obj
 0001:00002174       _$E16                      10003174 f   libcpmt:wiostrea.obj
 0001:0000217e       _$E24                      1000317e f   libcpmt:wiostrea.obj
 0001:00002188       _$E21                      10003188 f   libcpmt:wiostrea.obj
 0001:00002192       _$E23                      10003192 f   libcpmt:wiostrea.obj
 0001:0000219e       _$E22                      1000319e f   libcpmt:wiostrea.obj
 0001:000021a8       _$E29                      100031a8 f   libcpmt:wiostrea.obj
 0001:000021b2       _$E26                      100031b2 f   libcpmt:wiostrea.obj
 0001:000021bf       _$E28                      100031bf f   libcpmt:wiostrea.obj
 0001:000021cb       _$E27                      100031cb f   libcpmt:wiostrea.obj
 0001:000021d5       _$E34                      100031d5 f   libcpmt:wiostrea.obj
 0001:000021df       _$E31                      100031df f   libcpmt:wiostrea.obj
 0001:000021ec       _$E33                      100031ec f   libcpmt:wiostrea.obj
 0001:000021f8       _$E32                      100031f8 f   libcpmt:wiostrea.obj
 0001:00002202       _$E39                      10003202 f   libcpmt:wiostrea.obj
 0001:0000220c       _$E36                      1000320c f   libcpmt:wiostrea.obj
 0001:00002219       _$E38                      10003219 f   libcpmt:wiostrea.obj
 0001:00002225       _$E37                      10003225 f   libcpmt:wiostrea.obj
 0001:0000222f       _$E44                      1000322f f   libcpmt:wiostrea.obj
 0001:00002239       _$E41                      10003239 f   libcpmt:wiostrea.obj
 0001:00002248       _$E43                      10003248 f   libcpmt:wiostrea.obj
 0001:00002254       _$E42                      10003254 f   libcpmt:wiostrea.obj
 0001:00002273       _$E49                      10003273 f   libcpmt:wiostrea.obj
 0001:0000227d       _$E46                      1000327d f   libcpmt:wiostrea.obj
 0001:0000228c       _$E48                      1000328c f   libcpmt:wiostrea.obj
 0001:00002298       _$E47                      10003298 f   libcpmt:wiostrea.obj
 0001:000022b7       _$E54                      100032b7 f   libcpmt:wiostrea.obj
 0001:000022c1       _$E51                      100032c1 f   libcpmt:wiostrea.obj
 0001:000022d0       _$E53                      100032d0 f   libcpmt:wiostrea.obj
 0001:000022dc       _$E52                      100032dc f   libcpmt:wiostrea.obj
 0001:000022e6       _$E59                      100032e6 f   libcpmt:wiostrea.obj
 0001:000022f0       _$E56                      100032f0 f   libcpmt:wiostrea.obj
 0001:000022ff       _$E58                      100032ff f   libcpmt:wiostrea.obj
 0001:0000230b       _$E57                      1000330b f   libcpmt:wiostrea.obj
 0001:00002fd9       _$E70                      10003fd9 f   libcpmt:wiostrea.obj
 0001:00003003       _$E66                      10004003 f   libcpmt:wiostrea.obj
 0001:0000300f       _$E69                      1000400f f   libcpmt:wiostrea.obj
 0001:00001196       _$E18                      10002196 f   libcpmt:iostream.obj
 0001:000011a0       _$E15                      100021a0 f   libcpmt:iostream.obj
 0001:000011ad       _$E17                      100021ad f   libcpmt:iostream.obj
 0001:000011b9       _$E16                      100021b9 f   libcpmt:iostream.obj
 0001:000011c3       _$E23                      100021c3 f   libcpmt:iostream.obj
 0001:000011cd       _$E20                      100021cd f   libcpmt:iostream.obj
 0001:000011da       _$E22                      100021da f   libcpmt:iostream.obj
 0001:000011e6       _$E21                      100021e6 f   libcpmt:iostream.obj
 0001:000011f0       _$E28                      100021f0 f   libcpmt:iostream.obj
 0001:000011fa       _$E25                      100021fa f   libcpmt:iostream.obj
 0001:00001209       _$E27                      10002209 f   libcpmt:iostream.obj
 0001:00001215       _$E26                      10002215 f   libcpmt:iostream.obj
 0001:00001234       _$E33                      10002234 f   libcpmt:iostream.obj
 0001:0000123e       _$E30                      1000223e f   libcpmt:iostream.obj
 0001:0000124d       _$E32                      1000224d f   libcpmt:iostream.obj
 0001:00001259       _$E31                      10002259 f   libcpmt:iostream.obj
 0001:00001278       _$E38                      10002278 f   libcpmt:iostream.obj
 0001:00001282       _$E35                      10002282 f   libcpmt:iostream.obj
 0001:0000128f       _$E37                      1000228f f   libcpmt:iostream.obj
 0001:0000129b       _$E36                      1000229b f   libcpmt:iostream.obj
 0001:000012a5       _$E43                      100022a5 f   libcpmt:iostream.obj
 0001:000012af       _$E40                      100022af f   libcpmt:iostream.obj
 0001:000012be       _$E42                      100022be f   libcpmt:iostream.obj
 0001:000012ca       _$E41                      100022ca f   libcpmt:iostream.obj
 0001:000012d4       _$E48                      100022d4 f   libcpmt:iostream.obj
 0001:000012de       _$E45                      100022de f   libcpmt:iostream.obj
 0001:000012ed       _$E47                      100022ed f   libcpmt:iostream.obj
 0001:000012f9       _$E46                      100022f9 f   libcpmt:iostream.obj
 0001:00002111       _$E60                      10003111 f   libcpmt:iostream.obj
 0001:0000213b       _$E56                      1000313b f   libcpmt:iostream.obj
 0001:00002147       _$E59                      10003147 f   libcpmt:iostream.obj
 0001:0001041e       _findenv                   1001141e f   LIBCMT:setenv.obj
 0001:00010476       _copy_environ              10011476 f   LIBCMT:setenv.obj
 0001:0001026c       _strncnt                   1001126c f   LIBCMT:a_cmp.obj
 0001:0000f471       __tzset_lk                 10010471 f   LIBCMT:tzset.obj
 0001:0000f719       __isindst_lk               10010719 f   LIBCMT:tzset.obj
 0001:0000f8c5       _cvtdate                   100108c5 f   LIBCMT:tzset.obj
 0001:0000f24a       _strncnt                   1001024a f   LIBCMT:a_map.obj
 0001:0000edf3       _ctrlevent_capture@4       1000fdf3 f   LIBCMT:winsig.obj
 0001:0000efd7       _siglookup                 1000ffd7 f   LIBCMT:winsig.obj
 0001:0000e7dd       _xtoa                      1000f7dd f   LIBCMT:xtoa.obj
 0001:0000e8af       _x64toa@20                 1000f8af f   LIBCMT:xtoa.obj
 0001:0000db88       __expandtime               1000eb88 f   LIBCMT:strftime.obj
 0001:0000df77       __store_str                1000ef77 f   LIBCMT:strftime.obj
 0001:0000df9e       __store_num                1000ef9e f   LIBCMT:strftime.obj
 0001:0000e00d       __store_number             1000f00d f   LIBCMT:strftime.obj
 0001:0000e056       __store_winword            1000f056 f   LIBCMT:strftime.obj
 0001:0000cc10       _strtoxl                   1000dc10 f   LIBCMT:strtol.obj
 0001:0000c9a2       _getSystemCP               1000d9a2 f   LIBCMT:mbctype.obj
 0001:0000c9ec       _CPtoLCID                  1000d9ec f   LIBCMT:mbctype.obj
 0001:0000ca1f       _setSBCS                   1000da1f f   LIBCMT:mbctype.obj
 0001:0000ca48       _setSBUpLow                1000da48 f   LIBCMT:mbctype.obj
 0001:0000c7a4       _xcptlookup                1000d7a4 f   LIBCMT:winxfltr.obj
 0001:0000bea7       _TranslateName             1000cea7 f   LIBCMT:getqloc.obj
 0001:0000beff       _GetLcidFromLangCountry    1000ceff f   LIBCMT:getqloc.obj
 0001:0000bf86       _LangCountryEnumProc@4     1000cf86 f   LIBCMT:getqloc.obj
 0001:0000c18a       _GetLcidFromLanguage       1000d18a f   LIBCMT:getqloc.obj
 0001:0000c1e0       _LanguageEnumProc@4        1000d1e0 f   LIBCMT:getqloc.obj
 0001:0000c29d       _GetLcidFromCountry        1000d29d f   LIBCMT:getqloc.obj
 0001:0000c2d4       _CountryEnumProc@4         1000d2d4 f   LIBCMT:getqloc.obj
 0001:0000c35a       _GetLcidFromDefault        1000d35a f   LIBCMT:getqloc.obj
 0001:0000c374       _ProcessCodePage           1000d374 f   LIBCMT:getqloc.obj
 0001:0000c3da       _TestDefaultCountry        1000d3da f   LIBCMT:getqloc.obj
 0001:0000c3f9       _TestDefaultLanguage       1000d3f9 f   LIBCMT:getqloc.obj
 0001:0000c45b       _IsThisWindowsNT           1000d45b f   LIBCMT:getqloc.obj
 0001:0000c491       _crtGetLocaleInfoA@16      1000d491 f   LIBCMT:getqloc.obj
 0001:0000c577       _LcidFromHexString         1000d577 f   LIBCMT:getqloc.obj
 0001:0000c5b0       _GetPrimaryLen             1000d5b0 f   LIBCMT:getqloc.obj
 0001:0000b772       __get_lc_lconv             1000c772 f   LIBCMT:initmon.obj
 0001:0000b894       _fix_grouping              1000c894 f   LIBCMT:initmon.obj
 0001:0000b8cb       __free_lc_lconv            1000c8cb f   LIBCMT:initmon.obj
 0001:0000b670       _fix_grouping              1000c670 f   LIBCMT:initnum.obj
 0001:0000afbd       __get_lc_time              1000bfbd f   LIBCMT:inittime.obj
 0001:0000b30b       __free_lc_time             1000c30b f   LIBCMT:inittime.obj
 0001:00007e79       _parse_cmdline             10008e79 f   LIBCMT:stdargv.obj
 0001:0000707f       ?FindHandler@@YAXPAUEHExceptionRecord@@PAUEHRegistrationNode@@PAU_CONTEXT@@PAXPBU_s_FuncInfo@@EH1@Z 1000807f f   LIBCMT:frame.obj
 0001:00007232       ?FindHandlerForForeignException@@YAXPAUEHExceptionRecord@@PAUEHRegistrationNode@@PAU_CONTEXT@@PAXPBU_s_FuncInfo@@HH1@Z 10008232 f   LIBCMT:frame.obj
 0001:000072dc       ?TypeMatch@@YAHPBU_s_HandlerType@@PBU_s_CatchableType@@PBU_s_ThrowInfo@@@Z 100082dc f   LIBCMT:frame.obj
 0001:000073d7       ?FrameUnwindFilter@@YAHPAU_EXCEPTION_POINTERS@@@Z 100083d7 f   LIBCMT:frame.obj
 0001:000073ed       ?CatchIt@@YAXPAUEHExceptionRecord@@PAUEHRegistrationNode@@PAU_CONTEXT@@PAXPBU_s_FuncInfo@@PBU_s_HandlerType@@PBU_s_CatchableType@@PBU_s_TryBlockMapEntry@@H1E@Z 100083ed f   LIBCMT:frame.obj
 0001:00007468       ?CallCatchBlock@@YAPAXPAUEHExceptionRecord@@PAUEHRegistrationNode@@PAU_CONTEXT@@PBU_s_FuncInfo@@PAXHK@Z 10008468 f   LIBCMT:frame.obj
 0001:00007583       ?ExFilterRethrow@@YAHPAU_EXCEPTION_POINTERS@@@Z 10008583 f   LIBCMT:frame.obj
 0001:000075ad       ?BuildCatchObject@@YAXPAUEHExceptionRecord@@PAUEHRegistrationNode@@PBU_s_HandlerType@@PBU_s_CatchableType@@@Z 100085ad f   LIBCMT:frame.obj
 0001:000077d8       ?AdjustPointer@@YAPAXPAXABUPMD@@@Z 100087d8 f   LIBCMT:frame.obj
 0001:00006935       _doexit                    10007935 f   LIBCMT:crt0dat.obj
 0001:000069ec       __initterm                 100079ec f   LIBCMT:crt0dat.obj
 0001:00006410       __setlocale_set_cat        10007410 f   LIBCMT:setlocal.obj
 0001:0000652b       __setlocale_get_all        1000752b f   LIBCMT:setlocal.obj
 0001:00005ad9       _flsall                    10006ad9 f   LIBCMT:fflush.obj
 0001:00005050       LeadUp1                    10006050 f   LIBCMT:memmove.obj
 0001:0000507c       LeadUp2                    1000607c f   LIBCMT:memmove.obj
 0001:000050a0       LeadUp3                    100060a0 f   LIBCMT:memmove.obj
 0001:0000511f       UnwindUp0                  1000611f f   LIBCMT:memmove.obj
 0001:0000510c       UnwindUp1                  1000610c f   LIBCMT:memmove.obj
 0001:00005104       UnwindUp2                  10006104 f   LIBCMT:memmove.obj
 0001:000050fc       UnwindUp3                  100060fc f   LIBCMT:memmove.obj
 0001:000050f4       UnwindUp4                  100060f4 f   LIBCMT:memmove.obj
 0001:000050ec       UnwindUp5                  100060ec f   LIBCMT:memmove.obj
 0001:000050e4       UnwindUp6                  100060e4 f   LIBCMT:memmove.obj
 0001:000050dc       UnwindUp7                  100060dc f   LIBCMT:memmove.obj
 0001:00005138       TrailUp0                   10006138 f   LIBCMT:memmove.obj
 0001:00005140       TrailUp1                   10006140 f   LIBCMT:memmove.obj
 0001:0000514c       TrailUp2                   1000614c f   LIBCMT:memmove.obj
 0001:00005160       TrailUp3                   10006160 f   LIBCMT:memmove.obj
 0001:000051d8       LeadDown1                  100061d8 f   LIBCMT:memmove.obj
 0001:000051f8       LeadDown2                  100061f8 f   LIBCMT:memmove.obj
 0001:00005220       LeadDown3                  10006220 f   LIBCMT:memmove.obj
 0001:00005274       UnwindDown7                10006274 f   LIBCMT:memmove.obj
 0001:0000527c       UnwindDown6                1000627c f   LIBCMT:memmove.obj
 0001:00005284       UnwindDown5                10006284 f   LIBCMT:memmove.obj
 0001:0000528c       UnwindDown4                1000628c f   LIBCMT:memmove.obj
 0001:00005294       UnwindDown3                10006294 f   LIBCMT:memmove.obj
 0001:0000529c       UnwindDown2                1000629c f   LIBCMT:memmove.obj
 0001:000052a4       UnwindDown1                100062a4 f   LIBCMT:memmove.obj
 0001:000052b7       UnwindDown0                100062b7 f   LIBCMT:memmove.obj
 0001:000052d0       TrailDown0                 100062d0 f   LIBCMT:memmove.obj
 0001:000052d8       TrailDown1                 100062d8 f   LIBCMT:memmove.obj
 0001:000052e8       TrailDown2                 100062e8 f   LIBCMT:memmove.obj
 0001:000052fc       TrailDown3                 100062fc f   LIBCMT:memmove.obj
 0001:00004d20       _gu_return                 10005d20 f   LIBCMT:exsup.obj
 0001:00004d28       __unwind_handler           10005d28 f   LIBCMT:exsup.obj
 0001:00004b3c       ?CatchGuardHandler@@YA?AW4_EXCEPTION_DISPOSITION@@PAUEHExceptionRecord@@PAUCatchGuardRN@@PAX2@Z 10005b3c f   LIBCMT:trnsctrl.obj
 0001:00004c17       ?TranslatorGuardHandler@@YA?AW4_EXCEPTION_DISPOSITION@@PAUEHExceptionRecord@@PAUTranslatorGuardRN@@PAX2@Z 10005c17 f   LIBCMT:trnsctrl.obj
 0001:00004590       LeadUp1                    10005590 f   LIBCMT:memcpy.obj
 0001:000045bc       LeadUp2                    100055bc f   LIBCMT:memcpy.obj
 0001:000045e0       LeadUp3                    100055e0 f   LIBCMT:memcpy.obj
 0001:0000465f       UnwindUp0                  1000565f f   LIBCMT:memcpy.obj
 0001:0000464c       UnwindUp1                  1000564c f   LIBCMT:memcpy.obj
 0001:00004644       UnwindUp2                  10005644 f   LIBCMT:memcpy.obj
 0001:0000463c       UnwindUp3                  1000563c f   LIBCMT:memcpy.obj
 0001:00004634       UnwindUp4                  10005634 f   LIBCMT:memcpy.obj
 0001:0000462c       UnwindUp5                  1000562c f   LIBCMT:memcpy.obj
 0001:00004624       UnwindUp6                  10005624 f   LIBCMT:memcpy.obj
 0001:0000461c       UnwindUp7                  1000561c f   LIBCMT:memcpy.obj
 0001:00004678       TrailUp0                   10005678 f   LIBCMT:memcpy.obj
 0001:00004680       TrailUp1                   10005680 f   LIBCMT:memcpy.obj
 0001:0000468c       TrailUp2                   1000568c f   LIBCMT:memcpy.obj
 0001:000046a0       TrailUp3                   100056a0 f   LIBCMT:memcpy.obj
 0001:00004718       LeadDown1                  10005718 f   LIBCMT:memcpy.obj
 0001:00004738       LeadDown2                  10005738 f   LIBCMT:memcpy.obj
 0001:00004760       LeadDown3                  10005760 f   LIBCMT:memcpy.obj
 0001:000047b4       UnwindDown7                100057b4 f   LIBCMT:memcpy.obj
 0001:000047bc       UnwindDown6                100057bc f   LIBCMT:memcpy.obj
 0001:000047c4       UnwindDown5                100057c4 f   LIBCMT:memcpy.obj
 0001:000047cc       UnwindDown4                100057cc f   LIBCMT:memcpy.obj
 0001:000047d4       UnwindDown3                100057d4 f   LIBCMT:memcpy.obj
 0001:000047dc       UnwindDown2                100057dc f   LIBCMT:memcpy.obj
 0001:000047e4       UnwindDown1                100057e4 f   LIBCMT:memcpy.obj
 0001:000047f7       UnwindDown0                100057f7 f   LIBCMT:memcpy.obj
 0001:00004810       TrailDown0                 10005810 f   LIBCMT:memcpy.obj
 0001:00004818       TrailDown1                 10005818 f   LIBCMT:memcpy.obj
 0001:00004828       TrailDown2                 10005828 f   LIBCMT:memcpy.obj
 0001:0000483c       TrailDown3                 1000583c f   LIBCMT:memcpy.obj
